Archive member included to satisfy reference by file (symbol)

/usr/lib/gcc/arm-none-eabi/9.2.1/thumb/v6-m/nofp/libgcc.a(_dvmd_tls.o)
                              CMakeFiles/PicoMacro.dir/home/dmytro/pico/pico/pico-sdk/src/rp2_common/pico_divider/divider.S.obj (__aeabi_idiv0)
/usr/lib/gcc/arm-none-eabi/9.2.1/../../../arm-none-eabi/lib/thumb/v6-m/nofp/libg.a(lib_a-atexit.o)
                              /usr/lib/gcc/arm-none-eabi/9.2.1/../../../arm-none-eabi/lib/thumb/v6-m/nofp/crt0.o (atexit)
/usr/lib/gcc/arm-none-eabi/9.2.1/../../../arm-none-eabi/lib/thumb/v6-m/nofp/libg.a(lib_a-calloc.o)
                              CMakeFiles/PicoMacro.dir/home/dmytro/pico/pico/pico-sdk/src/rp2_common/pico_malloc/pico_malloc.c.obj (calloc)
/usr/lib/gcc/arm-none-eabi/9.2.1/../../../arm-none-eabi/lib/thumb/v6-m/nofp/libg.a(lib_a-callocr.o)
                              /usr/lib/gcc/arm-none-eabi/9.2.1/../../../arm-none-eabi/lib/thumb/v6-m/nofp/libg.a(lib_a-calloc.o) (_calloc_r)
/usr/lib/gcc/arm-none-eabi/9.2.1/../../../arm-none-eabi/lib/thumb/v6-m/nofp/libg.a(lib_a-ctype_.o)
                              CMakeFiles/PicoMacro.dir/home/dmytro/pico/pico/pico-sdk/lib/tinyusb/src/tusb.c.obj (_ctype_)
/usr/lib/gcc/arm-none-eabi/9.2.1/../../../arm-none-eabi/lib/thumb/v6-m/nofp/libg.a(lib_a-fini.o)
                              /usr/lib/gcc/arm-none-eabi/9.2.1/../../../arm-none-eabi/lib/thumb/v6-m/nofp/crt0.o (__libc_fini_array)
/usr/lib/gcc/arm-none-eabi/9.2.1/../../../arm-none-eabi/lib/thumb/v6-m/nofp/libg.a(lib_a-impure.o)
                              /usr/lib/gcc/arm-none-eabi/9.2.1/../../../arm-none-eabi/lib/thumb/v6-m/nofp/libg.a(lib_a-calloc.o) (_impure_ptr)
/usr/lib/gcc/arm-none-eabi/9.2.1/../../../arm-none-eabi/lib/thumb/v6-m/nofp/libg.a(lib_a-init.o)
                              /usr/lib/gcc/arm-none-eabi/9.2.1/../../../arm-none-eabi/lib/thumb/v6-m/nofp/crt0.o (__libc_init_array)
/usr/lib/gcc/arm-none-eabi/9.2.1/../../../arm-none-eabi/lib/thumb/v6-m/nofp/libg.a(lib_a-malloc.o)
                              CMakeFiles/PicoMacro.dir/home/dmytro/pico/pico/pico-sdk/src/rp2_common/pico_malloc/pico_malloc.c.obj (malloc)
/usr/lib/gcc/arm-none-eabi/9.2.1/../../../arm-none-eabi/lib/thumb/v6-m/nofp/libg.a(lib_a-mallocr.o)
                              /usr/lib/gcc/arm-none-eabi/9.2.1/../../../arm-none-eabi/lib/thumb/v6-m/nofp/libg.a(lib_a-callocr.o) (_malloc_r)
/usr/lib/gcc/arm-none-eabi/9.2.1/../../../arm-none-eabi/lib/thumb/v6-m/nofp/libg.a(lib_a-mlock.o)
                              /usr/lib/gcc/arm-none-eabi/9.2.1/../../../arm-none-eabi/lib/thumb/v6-m/nofp/libg.a(lib_a-mallocr.o) (__malloc_lock)
/usr/lib/gcc/arm-none-eabi/9.2.1/../../../arm-none-eabi/lib/thumb/v6-m/nofp/libg.a(lib_a-sbrkr.o)
                              /usr/lib/gcc/arm-none-eabi/9.2.1/../../../arm-none-eabi/lib/thumb/v6-m/nofp/libg.a(lib_a-mallocr.o) (_sbrk_r)
/usr/lib/gcc/arm-none-eabi/9.2.1/../../../arm-none-eabi/lib/thumb/v6-m/nofp/libg.a(lib_a-strlen-stub.o)
                              CMakeFiles/PicoMacro.dir/home/dmytro/pico/pico/pico-sdk/src/rp2_common/pico_stdio/stdio.c.obj (strlen)
/usr/lib/gcc/arm-none-eabi/9.2.1/../../../arm-none-eabi/lib/thumb/v6-m/nofp/libg.a(lib_a-__atexit.o)
                              /usr/lib/gcc/arm-none-eabi/9.2.1/../../../arm-none-eabi/lib/thumb/v6-m/nofp/libg.a(lib_a-atexit.o) (__register_exitproc)
/usr/lib/gcc/arm-none-eabi/9.2.1/../../../arm-none-eabi/lib/thumb/v6-m/nofp/libg.a(lib_a-freer.o)
                              /usr/lib/gcc/arm-none-eabi/9.2.1/../../../arm-none-eabi/lib/thumb/v6-m/nofp/libg.a(lib_a-malloc.o) (_free_r)
/usr/lib/gcc/arm-none-eabi/9.2.1/../../../arm-none-eabi/lib/thumb/v6-m/nofp/libg.a(lib_a-reent.o)
                              /usr/lib/gcc/arm-none-eabi/9.2.1/../../../arm-none-eabi/lib/thumb/v6-m/nofp/libg.a(lib_a-sbrkr.o) (errno)

Allocating common symbols
Common symbol       size              file

sf_table            0x100             CMakeFiles/PicoMacro.dir/home/dmytro/pico/pico/pico-sdk/src/rp2_common/pico_float/float_init_rom.c.obj
errno               0x4               /usr/lib/gcc/arm-none-eabi/9.2.1/../../../arm-none-eabi/lib/thumb/v6-m/nofp/libg.a(lib_a-reent.o)
_usbd_qdef_buf      0xc0              CMakeFiles/PicoMacro.dir/home/dmytro/pico/pico/pico-sdk/lib/tinyusb/src/device/usbd.c.obj
sd_table            0x100             CMakeFiles/PicoMacro.dir/home/dmytro/pico/pico/pico-sdk/src/rp2_common/pico_double/double_init_rom.c.obj
uart_char_to_line_feed
                    0x4               CMakeFiles/PicoMacro.dir/home/dmytro/pico/pico/pico-sdk/src/rp2_common/hardware_uart/uart.c.obj

Discarded input sections

 .text          0x0000000000000000        0x0 /usr/lib/gcc/arm-none-eabi/9.2.1/thumb/v6-m/nofp/crti.o
 .data          0x0000000000000000        0x0 /usr/lib/gcc/arm-none-eabi/9.2.1/thumb/v6-m/nofp/crti.o
 .bss           0x0000000000000000        0x0 /usr/lib/gcc/arm-none-eabi/9.2.1/thumb/v6-m/nofp/crti.o
[...]
Memory Configuration

Name             Origin             Length             Attributes
FLASH            0x0000000010000000 0x0000000000200000 xr
RAM              0x0000000020000000 0x0000000000040000 xrw
SCRATCH_X        0x0000000020040000 0x0000000000001000 xrw
SCRATCH_Y        0x0000000020041000 0x0000000000001000 xrw
*default*        0x0000000000000000 0xffffffffffffffff

Linker script and memory map

LOAD /usr/lib/gcc/arm-none-eabi/9.2.1/thumb/v6-m/nofp/crti.o
LOAD /usr/lib/gcc/arm-none-eabi/9.2.1/thumb/v6-m/nofp/crtbegin.o
LOAD /usr/lib/gcc/arm-none-eabi/9.2.1/../../../arm-none-eabi/lib/thumb/v6-m/nofp/crt0.o

.flash_begin    0x0000000010000000        0x0
                0x0000000010000000                __flash_binary_start = .

.boot2          0x0000000010000000      0x100
                0x0000000010000000                __boot2_start__ = .
 *(.boot2)
 .boot2         0x0000000010000000      0x100 /tmp/ccrAKl3g.o
                0x0000000010000100                __boot2_end__ = .
                0x0000000000000001                ASSERT (((__boot2_end__ - __boot2_start__) == 0x100), ERROR: Pico second stage bootloader must be 256 bytes in size)

.text           0x0000000010000100     0x6f28
                0x0000000010000100                __logical_binary_start = .
 *(.vectors)
 .vectors       0x0000000010000100       0xd4 CMakeFiles/PicoMacro.dir/home/dmytro/pico/pico/pico-sdk/src/rp2_common/pico_standard_link/crt0.S.obj
                0x0000000010000100                __vectors
                0x0000000010000100                __VECTOR_TABLE
                0x00000000100001c0                isr_invalid
                0x00000000100001c0                __default_isrs_start
                0x00000000100001c2                isr_nmi
                0x00000000100001c4                isr_hardfault
                0x00000000100001c6                isr_svcall
                0x00000000100001c8                isr_pendsv
                0x00000000100001ca                isr_systick
                0x00000000100001cc                isr_irq30
                0x00000000100001cc                __unhandled_user_irq
                0x00000000100001cc                isr_irq13
                0x00000000100001cc                isr_irq27
                0x00000000100001cc                isr_irq31
                0x00000000100001cc                isr_irq5
                0x00000000100001cc                isr_irq11
                0x00000000100001cc                isr_irq23
                0x00000000100001cc                isr_irq18
                0x00000000100001cc                isr_irq28
                0x00000000100001cc                isr_irq19
                0x00000000100001cc                isr_irq0
                0x00000000100001cc                isr_irq6
                0x00000000100001cc                isr_irq22
                0x00000000100001cc                isr_irq17
                0x00000000100001cc                isr_irq14
                0x00000000100001cc                isr_irq2
                0x00000000100001cc                isr_irq10
                0x00000000100001cc                isr_irq8
                0x00000000100001cc                isr_irq24
                0x00000000100001cc                isr_irq1
                0x00000000100001cc                isr_irq7
                0x00000000100001cc                isr_irq21
                0x00000000100001cc                isr_irq20
                0x00000000100001cc                isr_irq15
                0x00000000100001cc                isr_irq25
                0x00000000100001cc                isr_irq4
                0x00000000100001cc                isr_irq16
                0x00000000100001cc                isr_irq29
                0x00000000100001cc                isr_irq26
                0x00000000100001cc                __default_isrs_end
                0x00000000100001cc                isr_irq3
                0x00000000100001cc                isr_irq12
                0x00000000100001cc                isr_irq9
                0x00000000100001d2                unhandled_user_irq_num_in_r0
 *(.binary_info_header)
 .binary_info_header
                0x00000000100001d4       0x14 CMakeFiles/PicoMacro.dir/home/dmytro/pico/pico/pico-sdk/src/rp2_common/pico_standard_link/crt0.S.obj
                0x00000000100001e8                __binary_info_header_end = .
 *(.reset)
 .reset         0x00000000100001e8       0xa8 CMakeFiles/PicoMacro.dir/home/dmytro/pico/pico/pico-sdk/src/rp2_common/pico_standard_link/crt0.S.obj
                0x00000000100001e8                _entry_point
                0x0000000010000266                __get_current_exception
 .reset         0x0000000010000290       0x30 CMakeFiles/PicoMacro.dir/home/dmytro/pico/pico/pico-sdk/src/rp2_common/pico_standard_link/binary_info.c.obj
 *(.init)
 .init          0x00000000100002c0        0x4 /usr/lib/gcc/arm-none-eabi/9.2.1/thumb/v6-m/nofp/crti.o
                0x00000000100002c0                _init
 *(EXCLUDE_FILE(*libm.a: *libc.a:*lib_a-mem*.o *libgcc.a:) .text*)
 .text          0x00000000100002c4       0x98 /usr/lib/gcc/arm-none-eabi/9.2.1/thumb/v6-m/nofp/crtbegin.o
 .text.main     0x000000001000035c       0x40 CMakeFiles/PicoMacro.dir/main.c.obj
                0x000000001000035c                main
 .text.gpio_set_function
                0x000000001000039c       0x30 CMakeFiles/PicoMacro.dir/home/dmytro/pico/pico/pico-sdk/src/rp2_common/hardware_gpio/gpio.c.obj
                0x000000001000039c                gpio_set_function
 .text.gpio_init
                0x00000000100003cc       0x16 CMakeFiles/PicoMacro.dir/home/dmytro/pico/pico/pico-sdk/src/rp2_common/hardware_gpio/gpio.c.obj
                0x00000000100003cc                gpio_init
 *fill*         0x00000000100003e2        0x2 
 .text.hw_claim_lock
                0x00000000100003e4       0x18 CMakeFiles/PicoMacro.dir/home/dmytro/pico/pico/pico-sdk/src/rp2_common/hardware_claim/claim.c.obj
                0x00000000100003e4                hw_claim_lock
 .text.hw_claim_unlock
                0x00000000100003fc       0x14 CMakeFiles/PicoMacro.dir/home/dmytro/pico/pico/pico-sdk/src/rp2_common/hardware_claim/claim.c.obj
                0x00000000100003fc                hw_claim_unlock
 .text.hw_claim_or_assert
                0x0000000010000410       0x32 CMakeFiles/PicoMacro.dir/home/dmytro/pico/pico/pico-sdk/src/rp2_common/hardware_claim/claim.c.obj
                0x0000000010000410                hw_claim_or_assert
 .text.hw_claim_unused_from_range
                0x0000000010000442       0x50 CMakeFiles/PicoMacro.dir/home/dmytro/pico/pico/pico-sdk/src/rp2_common/hardware_claim/claim.c.obj
                0x0000000010000442                hw_claim_unused_from_range
 *fill*         0x0000000010000492        0x2 
 .text.running_on_fpga
                0x0000000010000494       0x14 CMakeFiles/PicoMacro.dir/home/dmytro/pico/pico/pico-sdk/src/rp2_common/pico_platform/platform.c.obj
                0x0000000010000494                running_on_fpga
 .text.spin_locks_reset
                0x00000000100004a8       0x20 CMakeFiles/PicoMacro.dir/home/dmytro/pico/pico/pico-sdk/src/rp2_common/hardware_sync/sync.c.obj
                0x00000000100004a8                spin_locks_reset
 .text.next_striped_spin_lock_num
                0x00000000100004c8       0x1c CMakeFiles/PicoMacro.dir/home/dmytro/pico/pico/pico-sdk/src/rp2_common/hardware_sync/sync.c.obj
                0x00000000100004c8                next_striped_spin_lock_num
 .text.spin_lock_claim_unused
                0x00000000100004e4       0x20 CMakeFiles/PicoMacro.dir/home/dmytro/pico/pico/pico-sdk/src/rp2_common/hardware_sync/sync.c.obj
                0x00000000100004e4                spin_lock_claim_unused
 .text.alarm_pool_post_alloc_init
                0x0000000010000504       0x40 CMakeFiles/PicoMacro.dir/home/dmytro/pico/pico/pico-sdk/src/common/pico_time/time.c.obj
 .text.sleep_until_callback
                0x0000000010000544       0x30 CMakeFiles/PicoMacro.dir/home/dmytro/pico/pico/pico-sdk/src/common/pico_time/time.c.obj
 .text.timer_pool_entry_comparator
                0x0000000010000574       0x7c CMakeFiles/PicoMacro.dir/home/dmytro/pico/pico/pico-sdk/src/common/pico_time/time.c.obj
                0x0000000010000574                timer_pool_entry_comparator
 .text.ph_add_child_node
                0x00000000100005f0       0xa4 CMakeFiles/PicoMacro.dir/home/dmytro/pico/pico/pico-sdk/src/common/pico_time/time.c.obj
 .text.ph_merge_nodes
                0x0000000010000694       0x3e CMakeFiles/PicoMacro.dir/home/dmytro/pico/pico/pico-sdk/src/common/pico_time/time.c.obj
 *fill*         0x00000000100006d2        0x2 
 .text.add_alarm_under_lock
                0x00000000100006d4      0x174 CMakeFiles/PicoMacro.dir/home/dmytro/pico/pico/pico-sdk/src/common/pico_time/time.c.obj
 .text.alarm_pool_alarm_callback
                0x0000000010000848      0x32c CMakeFiles/PicoMacro.dir/home/dmytro/pico/pico/pico-sdk/src/common/pico_time/time.c.obj
 .text.alarm_pool_init_default
                0x0000000010000b74       0x38 CMakeFiles/PicoMacro.dir/home/dmytro/pico/pico/pico-sdk/src/common/pico_time/time.c.obj
                0x0000000010000b74                alarm_pool_init_default
 .text.alarm_pool_get_default
                0x0000000010000bac       0x2c CMakeFiles/PicoMacro.dir/home/dmytro/pico/pico/pico-sdk/src/common/pico_time/time.c.obj
                0x0000000010000bac                alarm_pool_get_default
 .text.alarm_pool_add_alarm_at
                0x0000000010000bd8      0x170 CMakeFiles/PicoMacro.dir/home/dmytro/pico/pico/pico-sdk/src/common/pico_time/time.c.obj
                0x0000000010000bd8                alarm_pool_add_alarm_at
 .text.alarm_pool_cancel_alarm
                0x0000000010000d48       0xf0 CMakeFiles/PicoMacro.dir/home/dmytro/pico/pico/pico-sdk/src/common/pico_time/time.c.obj
                0x0000000010000d48                alarm_pool_cancel_alarm
 .text.sleep_until
                0x0000000010000e38       0xfc CMakeFiles/PicoMacro.dir/home/dmytro/pico/pico/pico-sdk/src/common/pico_time/time.c.obj
                0x0000000010000e38                sleep_until
 .text.sleep_us
                0x0000000010000f34       0x58 CMakeFiles/PicoMacro.dir/home/dmytro/pico/pico/pico-sdk/src/common/pico_time/time.c.obj
                0x0000000010000f34                sleep_us
 .text.sleep_ms
                0x0000000010000f8c       0x14 CMakeFiles/PicoMacro.dir/home/dmytro/pico/pico/pico-sdk/src/common/pico_time/time.c.obj
                0x0000000010000f8c                sleep_ms
 .text.best_effort_wfe_or_timeout
                0x0000000010000fa0       0x80 CMakeFiles/PicoMacro.dir/home/dmytro/pico/pico/pico-sdk/src/common/pico_time/time.c.obj
                0x0000000010000fa0                best_effort_wfe_or_timeout
 .text.hardware_alarm_irq_handler
                0x0000000010001020       0x8c CMakeFiles/PicoMacro.dir/home/dmytro/pico/pico/pico-sdk/src/rp2_common/hardware_timer/timer.c.obj
 .text.hardware_alarm_claim
                0x00000000100010ac       0x18 CMakeFiles/PicoMacro.dir/home/dmytro/pico/pico/pico-sdk/src/rp2_common/hardware_timer/timer.c.obj
                0x00000000100010ac                hardware_alarm_claim
 .text.time_us_64
                0x00000000100010c4       0x18 CMakeFiles/PicoMacro.dir/home/dmytro/pico/pico/pico-sdk/src/rp2_common/hardware_timer/timer.c.obj
                0x00000000100010c4                time_us_64
 .text.busy_wait_until
                0x00000000100010dc       0x24 CMakeFiles/PicoMacro.dir/home/dmytro/pico/pico/pico-sdk/src/rp2_common/hardware_timer/timer.c.obj
                0x00000000100010dc                busy_wait_until
 .text.hardware_alarm_set_callback
                0x0000000010001100       0x90 CMakeFiles/PicoMacro.dir/home/dmytro/pico/pico/pico-sdk/src/rp2_common/hardware_timer/timer.c.obj
                0x0000000010001100                hardware_alarm_set_callback
 .text.hardware_alarm_set_target
                0x0000000010001190       0xe8 CMakeFiles/PicoMacro.dir/home/dmytro/pico/pico/pico-sdk/src/rp2_common/hardware_timer/timer.c.obj
                0x0000000010001190                hardware_alarm_set_target
 .text.hardware_alarm_cancel
                0x0000000010001278       0x40 CMakeFiles/PicoMacro.dir/home/dmytro/pico/pico/pico-sdk/src/rp2_common/hardware_timer/timer.c.obj
                0x0000000010001278                hardware_alarm_cancel
 .text.lock_init
                0x00000000100012b8       0x10 CMakeFiles/PicoMacro.dir/home/dmytro/pico/pico/pico-sdk/src/common/pico_sync/lock_core.c.obj
                0x00000000100012b8                lock_init
 .text.mutex_init
                0x00000000100012c8       0x1a CMakeFiles/PicoMacro.dir/home/dmytro/pico/pico/pico-sdk/src/common/pico_sync/mutex.c.obj
                0x00000000100012c8                mutex_init
 .text.recursive_mutex_init
                0x00000000100012e2       0x1e CMakeFiles/PicoMacro.dir/home/dmytro/pico/pico/pico-sdk/src/common/pico_sync/mutex.c.obj
                0x00000000100012e2                recursive_mutex_init
 .text.critical_section_init_with_lock_num
                0x0000000010001300       0x14 CMakeFiles/PicoMacro.dir/home/dmytro/pico/pico/pico-sdk/src/common/pico_sync/critical_section.c.obj
                0x0000000010001300                critical_section_init_with_lock_num
 .text.critical_section_init
                0x0000000010001314       0x14 CMakeFiles/PicoMacro.dir/home/dmytro/pico/pico/pico-sdk/src/common/pico_sync/critical_section.c.obj
                0x0000000010001314                critical_section_init
 .text.ph_add_child_node
                0x0000000010001328       0xa4 CMakeFiles/PicoMacro.dir/home/dmytro/pico/pico/pico-sdk/src/common/pico_util/pheap.c.obj
 .text.ph_merge_nodes
                0x00000000100013cc       0x3e CMakeFiles/PicoMacro.dir/home/dmytro/pico/pico/pico-sdk/src/common/pico_util/pheap.c.obj
 *fill*         0x000000001000140a        0x2 
 .text.ph_clear
                0x000000001000140c       0x70 CMakeFiles/PicoMacro.dir/home/dmytro/pico/pico/pico-sdk/src/common/pico_util/pheap.c.obj
                0x000000001000140c                ph_clear
 .text.ph_post_alloc_init
                0x000000001000147c        0xe CMakeFiles/PicoMacro.dir/home/dmytro/pico/pico/pico-sdk/src/common/pico_util/pheap.c.obj
                0x000000001000147c                ph_post_alloc_init
 *fill*         0x000000001000148a        0x2 
 .text.ph_merge_two_pass
                0x000000001000148c       0xa8 CMakeFiles/PicoMacro.dir/home/dmytro/pico/pico/pico-sdk/src/common/pico_util/pheap.c.obj
                0x000000001000148c                ph_merge_two_pass
 .text.ph_remove_any_head
                0x0000000010001534      0x108 CMakeFiles/PicoMacro.dir/home/dmytro/pico/pico/pico-sdk/src/common/pico_util/pheap.c.obj
 .text.ph_remove_head
                0x000000001000163c       0x14 CMakeFiles/PicoMacro.dir/home/dmytro/pico/pico/pico-sdk/src/common/pico_util/pheap.c.obj
                0x000000001000163c                ph_remove_head
 .text.ph_remove_and_free_node
                0x0000000010001650       0xf8 CMakeFiles/PicoMacro.dir/home/dmytro/pico/pico/pico-sdk/src/common/pico_util/pheap.c.obj
                0x0000000010001650                ph_remove_and_free_node
 .text._exit    0x0000000010001748        0x4 CMakeFiles/PicoMacro.dir/home/dmytro/pico/pico/pico-sdk/src/rp2_common/pico_runtime/runtime.c.obj
                0x0000000010001748                _exit
 .text.exit     0x000000001000174c        0x6 CMakeFiles/PicoMacro.dir/home/dmytro/pico/pico/pico-sdk/src/rp2_common/pico_runtime/runtime.c.obj
                0x000000001000174c                exit
 *fill*         0x0000000010001752        0x2 
 .text.__assert_func
                0x0000000010001754       0x3c CMakeFiles/PicoMacro.dir/home/dmytro/pico/pico/pico-sdk/src/rp2_common/pico_runtime/runtime.c.obj
                0x0000000010001754                __assert_func
 .text.runtime_init
                0x0000000010001790       0xf8 CMakeFiles/PicoMacro.dir/home/dmytro/pico/pico/pico-sdk/src/rp2_common/pico_runtime/runtime.c.obj
                0x0000000010001790                runtime_init
 .text.panic    0x0000000010001888       0x30 CMakeFiles/PicoMacro.dir/home/dmytro/pico/pico/pico-sdk/src/rp2_common/pico_runtime/runtime.c.obj
                0x0000000010001888                panic
 .text.clock_configure
                0x00000000100018b8      0x104 CMakeFiles/PicoMacro.dir/home/dmytro/pico/pico/pico-sdk/src/rp2_common/hardware_clocks/clocks.c.obj
                0x00000000100018b8                clock_configure
 .text.clocks_init
                0x00000000100019bc      0x100 CMakeFiles/PicoMacro.dir/home/dmytro/pico/pico/pico-sdk/src/rp2_common/hardware_clocks/clocks.c.obj
                0x00000000100019bc                clocks_init
 .text.set_raw_irq_handler_and_unlock
                0x0000000010001abc       0x28 CMakeFiles/PicoMacro.dir/home/dmytro/pico/pico/pico-sdk/src/rp2_common/hardware_irq/irq.c.obj
 .text.make_branch
                0x0000000010001ae4       0x34 CMakeFiles/PicoMacro.dir/home/dmytro/pico/pico/pico-sdk/src/rp2_common/hardware_irq/irq.c.obj
 .text.insert_branch_and_link
                0x0000000010001b18       0x40 CMakeFiles/PicoMacro.dir/home/dmytro/pico/pico/pico-sdk/src/rp2_common/hardware_irq/irq.c.obj
 .text.irq_is_enabled
                0x0000000010001b58       0x18 CMakeFiles/PicoMacro.dir/home/dmytro/pico/pico/pico-sdk/src/rp2_common/hardware_irq/irq.c.obj
                0x0000000010001b58                irq_is_enabled
 .text.irq_set_mask_enabled
                0x0000000010001b70       0x20 CMakeFiles/PicoMacro.dir/home/dmytro/pico/pico/pico-sdk/src/rp2_common/hardware_irq/irq.c.obj
                0x0000000010001b70                irq_set_mask_enabled
 .text.irq_set_enabled
                0x0000000010001b90        0xe CMakeFiles/PicoMacro.dir/home/dmytro/pico/pico/pico-sdk/src/rp2_common/hardware_irq/irq.c.obj
                0x0000000010001b90                irq_set_enabled
 *fill*         0x0000000010001b9e        0x2 
 .text.irq_set_pending
                0x0000000010001ba0       0x10 CMakeFiles/PicoMacro.dir/home/dmytro/pico/pico/pico-sdk/src/rp2_common/hardware_irq/irq.c.obj
                0x0000000010001ba0                irq_set_pending
 .text.irq_get_vtable_handler
                0x0000000010001bb0       0x10 CMakeFiles/PicoMacro.dir/home/dmytro/pico/pico/pico-sdk/src/rp2_common/hardware_irq/irq.c.obj
                0x0000000010001bb0                irq_get_vtable_handler
 .text.irq_set_exclusive_handler
                0x0000000010001bc0       0x54 CMakeFiles/PicoMacro.dir/home/dmytro/pico/pico/pico-sdk/src/rp2_common/hardware_irq/irq.c.obj
                0x0000000010001bc0                irq_set_exclusive_handler
 .text.irq_remove_handler
                0x0000000010001c14      0x1ac CMakeFiles/PicoMacro.dir/home/dmytro/pico/pico/pico-sdk/src/rp2_common/hardware_irq/irq.c.obj
                0x0000000010001c14                irq_remove_handler
 .text.irq_add_tail_to_free_list
                0x0000000010001dc0       0xf0 CMakeFiles/PicoMacro.dir/home/dmytro/pico/pico/pico-sdk/src/rp2_common/hardware_irq/irq.c.obj
                0x0000000010001dc0                irq_add_tail_to_free_list
 .text.irq_init_priorities
                0x0000000010001eb0       0x1c CMakeFiles/PicoMacro.dir/home/dmytro/pico/pico/pico-sdk/src/rp2_common/hardware_irq/irq.c.obj
                0x0000000010001eb0                irq_init_priorities
 .text.pll_init
                0x0000000010001ecc      0x118 CMakeFiles/PicoMacro.dir/home/dmytro/pico/pico/pico-sdk/src/rp2_common/hardware_pll/pll.c.obj
                0x0000000010001ecc                pll_init
 .text.watchdog_start_tick
                0x0000000010001fe4       0x10 CMakeFiles/PicoMacro.dir/home/dmytro/pico/pico/pico-sdk/src/rp2_common/hardware_watchdog/watchdog.c.obj
                0x0000000010001fe4                watchdog_start_tick
 .text.watchdog_update
                0x0000000010001ff4       0x14 CMakeFiles/PicoMacro.dir/home/dmytro/pico/pico/pico-sdk/src/rp2_common/hardware_watchdog/watchdog.c.obj
                0x0000000010001ff4                watchdog_update
 .text._watchdog_enable
                0x0000000010002008       0x78 CMakeFiles/PicoMacro.dir/home/dmytro/pico/pico/pico-sdk/src/rp2_common/hardware_watchdog/watchdog.c.obj
                0x0000000010002008                _watchdog_enable
 .text.watchdog_reboot
                0x0000000010002080       0x48 CMakeFiles/PicoMacro.dir/home/dmytro/pico/pico/pico-sdk/src/rp2_common/hardware_watchdog/watchdog.c.obj
                0x0000000010002080                watchdog_reboot
 .text.xosc_init
                0x00000000100020c8       0x28 CMakeFiles/PicoMacro.dir/home/dmytro/pico/pico/pico-sdk/src/rp2_common/hardware_xosc/xosc.c.obj
                0x00000000100020c8                xosc_init
 .text._out_null
                0x00000000100020f0        0x2 CMakeFiles/PicoMacro.dir/home/dmytro/pico/pico/pico-sdk/src/rp2_common/pico_printf/printf.c.obj
 .text._out_fct
                0x00000000100020f2        0xe CMakeFiles/PicoMacro.dir/home/dmytro/pico/pico/pico-sdk/src/rp2_common/pico_printf/printf.c.obj
 .text._atoi    0x0000000010002100       0x24 CMakeFiles/PicoMacro.dir/home/dmytro/pico/pico/pico-sdk/src/rp2_common/pico_printf/printf.c.obj
 .text._out_rev
                0x0000000010002124       0xae CMakeFiles/PicoMacro.dir/home/dmytro/pico/pico/pico-sdk/src/rp2_common/pico_printf/printf.c.obj
 .text._ntoa_format
                0x00000000100021d2      0x110 CMakeFiles/PicoMacro.dir/home/dmytro/pico/pico/pico-sdk/src/rp2_common/pico_printf/printf.c.obj
 .text._ntoa_long
                0x00000000100022e2       0xbc CMakeFiles/PicoMacro.dir/home/dmytro/pico/pico/pico-sdk/src/rp2_common/pico_printf/printf.c.obj
 .text._ntoa_long_long
                0x000000001000239e       0xe2 CMakeFiles/PicoMacro.dir/home/dmytro/pico/pico/pico-sdk/src/rp2_common/pico_printf/printf.c.obj
 .text._etoa    0x0000000010002480      0x40c CMakeFiles/PicoMacro.dir/home/dmytro/pico/pico/pico-sdk/src/rp2_common/pico_printf/printf.c.obj
 .text._ftoa    0x000000001000288c      0x354 CMakeFiles/PicoMacro.dir/home/dmytro/pico/pico/pico-sdk/src/rp2_common/pico_printf/printf.c.obj
 .text._vsnprintf
                0x0000000010002be0      0x628 CMakeFiles/PicoMacro.dir/home/dmytro/pico/pico/pico-sdk/src/rp2_common/pico_printf/printf.c.obj
 .text.vfctprintf
                0x0000000010003208       0x20 CMakeFiles/PicoMacro.dir/home/dmytro/pico/pico/pico-sdk/src/rp2_common/pico_printf/printf.c.obj
                0x0000000010003208                vfctprintf
 .text          0x0000000010003228       0x10 CMakeFiles/PicoMacro.dir/home/dmytro/pico/pico/pico-sdk/src/rp2_common/pico_bit_ops/bit_ops_aeabi.S.obj
 .text.rom_func_lookup
                0x0000000010003238       0x10 CMakeFiles/PicoMacro.dir/home/dmytro/pico/pico/pico-sdk/src/rp2_common/pico_bootrom/bootrom.c.obj
                0x0000000010003238                rom_func_lookup
 .text.rom_data_lookup
                0x0000000010003248       0x10 CMakeFiles/PicoMacro.dir/home/dmytro/pico/pico/pico-sdk/src/rp2_common/pico_bootrom/bootrom.c.obj
                0x0000000010003248                rom_data_lookup
 .text.rom_funcs_lookup
                0x0000000010003258       0x36 CMakeFiles/PicoMacro.dir/home/dmytro/pico/pico/pico-sdk/src/rp2_common/pico_bootrom/bootrom.c.obj
                0x0000000010003258                rom_funcs_lookup
 *fill*         0x000000001000328e        0x2 
 .text.__wrap___aeabi_idiv
                0x0000000010003290       0x50 CMakeFiles/PicoMacro.dir/home/dmytro/pico/pico/pico-sdk/src/rp2_common/pico_divider/divider.S.obj
                0x0000000010003290                __wrap___aeabi_idivmod
                0x0000000010003290                divmod_s32s32
                0x0000000010003290                div_s32s32
                0x0000000010003290                __wrap___aeabi_idiv
                0x0000000010003298                divmod_s32s32_unsafe
                0x00000000100032c4                divmod_s32s32_savestate
 .text.__wrap___aeabi_uidiv
                0x00000000100032e0       0x4c CMakeFiles/PicoMacro.dir/home/dmytro/pico/pico/pico-sdk/src/rp2_common/pico_divider/divider.S.obj
                0x00000000100032e0                __wrap___aeabi_uidiv
                0x00000000100032e0                __wrap___aeabi_uidivmod
                0x00000000100032e0                div_u32u32
                0x00000000100032e0                divmod_u32u32
                0x00000000100032e8                divmod_u32u32_unsafe
                0x0000000010003310                divmod_u32u32_savestate
 .text.__wrap___aeabi_ldiv
                0x000000001000332c      0x434 CMakeFiles/PicoMacro.dir/home/dmytro/pico/pico/pico-sdk/src/rp2_common/pico_divider/divider.S.obj
                0x000000001000332c                div_s64s64
                0x000000001000332c                divmod_s64s64
                0x000000001000332c                __wrap___aeabi_ldivmod
                0x0000000010003364                div_u64u64
                0x0000000010003364                divmod_u64u64
                0x0000000010003364                __wrap___aeabi_uldivmod
                0x0000000010003374                divmod_u64u64_savestate
                0x000000001000339c                divmod_s64s64_unsafe
                0x0000000010003424                divmod_u64u64_unsafe
 .text.__wrap___aeabi_darithmetic
                0x0000000010003760       0x80 CMakeFiles/PicoMacro.dir/home/dmytro/pico/pico/pico-sdk/src/rp2_common/pico_double/double_aeabi.S.obj
                0x0000000010003760                __wrap___aeabi_drsub
                0x0000000010003766                __wrap___aeabi_dsub
                0x0000000010003778                __wrap___aeabi_dadd
                0x000000001000378a                __wrap___aeabi_ddiv
                0x00000000100037c6                __wrap___aeabi_dmul
 .text.__wrap___aeabi_cdcmple
                0x00000000100037e0       0x6c CMakeFiles/PicoMacro.dir/home/dmytro/pico/pico/pico-sdk/src/rp2_common/pico_double/double_aeabi.S.obj
                0x00000000100037e0                __wrap___aeabi_cdrcmple
                0x00000000100037f0                __wrap___aeabi_cdcmple
                0x00000000100037f0                __wrap___aeabi_cdcmpeq
 .text.__wrap___aeabi_dcmplt
                0x000000001000384c        0xc CMakeFiles/PicoMacro.dir/home/dmytro/pico/pico/pico-sdk/src/rp2_common/pico_double/double_aeabi.S.obj
                0x000000001000384c                __wrap___aeabi_dcmplt
 .text.__wrap___aeabi_dcmple
                0x0000000010003858       0x10 CMakeFiles/PicoMacro.dir/home/dmytro/pico/pico/pico-sdk/src/rp2_common/pico_double/double_aeabi.S.obj
                0x0000000010003858                __wrap___aeabi_dcmple
 .text.__wrap___aeabi_dcmpge
                0x0000000010003868       0x10 CMakeFiles/PicoMacro.dir/home/dmytro/pico/pico/pico-sdk/src/rp2_common/pico_double/double_aeabi.S.obj
                0x0000000010003868                __wrap___aeabi_dcmpge
 .text.__wrap___aeabi_dcmpgt
                0x0000000010003878        0xa CMakeFiles/PicoMacro.dir/home/dmytro/pico/pico/pico-sdk/src/rp2_common/pico_double/double_aeabi.S.obj
                0x0000000010003878                __wrap___aeabi_dcmpgt
 .text.__wrap___aeabi_dcmpun
                0x0000000010003882       0x1c CMakeFiles/PicoMacro.dir/home/dmytro/pico/pico/pico-sdk/src/rp2_common/pico_double/double_aeabi.S.obj
                0x0000000010003882                __wrap___aeabi_dcmpun
 *fill*         0x000000001000389e        0x2 
 .text.__wrap___aeabi_i2d
                0x00000000100038a0       0x38 CMakeFiles/PicoMacro.dir/home/dmytro/pico/pico/pico-sdk/src/rp2_common/pico_double/double_aeabi.S.obj
                0x00000000100038a0                __wrap___aeabi_ui2d
                0x00000000100038a8                __wrap___aeabi_i2d
 .text.__wrap___aeabi_d2iz
                0x00000000100038d8       0x48 CMakeFiles/PicoMacro.dir/home/dmytro/pico/pico/pico-sdk/src/rp2_common/pico_double/double_aeabi.S.obj
                0x00000000100038d8                __wrap___aeabi_d2iz
                0x00000000100038d8                double2int_z
 .text.__wrap___aeabi_d2uiz
                0x0000000010003920       0x18 CMakeFiles/PicoMacro.dir/home/dmytro/pico/pico/pico-sdk/src/rp2_common/pico_double/double_aeabi.S.obj
                0x0000000010003920                double2uint
                0x0000000010003920                __wrap___aeabi_d2uiz
 .text.__aeabi_double_init
                0x0000000010003938       0xc8 CMakeFiles/PicoMacro.dir/home/dmytro/pico/pico/pico-sdk/src/rp2_common/pico_double/double_init_rom.c.obj
                0x0000000010003938                __aeabi_double_init
 .text.double_table_shim_on_use_helper
                0x0000000010003a00       0x34 CMakeFiles/PicoMacro.dir/home/dmytro/pico/pico/pico-sdk/src/rp2_common/pico_double/double_v1_rom_shim.S.obj
                0x0000000010003a00                double_table_shim_on_use_helper
 .text.__wrap___aeabi_dsub
                0x0000000010003a34       0x10 CMakeFiles/PicoMacro.dir/home/dmytro/pico/pico/pico-sdk/src/rp2_common/pico_double/double_v1_rom_shim.S.obj
                0x0000000010003a34                drsub_shim
                0x0000000010003a3a                dsub_shim
 .text.dadd_shim
                0x0000000010003a44      0x15c CMakeFiles/PicoMacro.dir/home/dmytro/pico/pico/pico-sdk/src/rp2_common/pico_double/double_v1_rom_shim.S.obj
                0x0000000010003a44                dadd_shim
 .text.dmul_shim
                0x0000000010003ba0      0x15c CMakeFiles/PicoMacro.dir/home/dmytro/pico/pico/pico-sdk/src/rp2_common/pico_double/double_v1_rom_shim.S.obj
                0x0000000010003ba0                dmul_shim
 .text.ddiv_shim
                0x0000000010003cfc      0x1b0 CMakeFiles/PicoMacro.dir/home/dmytro/pico/pico/pico-sdk/src/rp2_common/pico_double/double_v1_rom_shim.S.obj
                0x0000000010003cfc                ddiv_shim
 .text.double2uint_shim
                0x0000000010003eac        0xe CMakeFiles/PicoMacro.dir/home/dmytro/pico/pico/pico-sdk/src/rp2_common/pico_double/double_v1_rom_shim.S.obj
                0x0000000010003eac                double2uint_shim
                0x0000000010003eae                double2ufix_shim
 *fill*         0x0000000010003eba        0x2 
 .text.double2uint64_shim
                0x0000000010003ebc       0x70 CMakeFiles/PicoMacro.dir/home/dmytro/pico/pico/pico-sdk/src/rp2_common/pico_double/double_v1_rom_shim.S.obj
                0x0000000010003ebc                double2uint64_shim
                0x0000000010003ebe                double2ufix64_shim
                0x0000000010003ede                d2fix_a
 .text.dunpacks
                0x0000000010003f2c       0x3c CMakeFiles/PicoMacro.dir/home/dmytro/pico/pico/pico-sdk/src/rp2_common/pico_double/double_v1_rom_shim.S.obj
                0x0000000010003f2c                dunpacks
 .text.__aeabi_lmul
                0x0000000010003f68       0x32 CMakeFiles/PicoMacro.dir/home/dmytro/pico/pico/pico-sdk/src/rp2_common/pico_int64_ops/pico_int64_ops_aeabi.S.obj
                0x0000000010003f68                __wrap___aeabi_lmul
 *fill*         0x0000000010003f9a        0x2 
 .text.__aeabi_float_init
                0x0000000010003f9c       0xfc CMakeFiles/PicoMacro.dir/home/dmytro/pico/pico/pico-sdk/src/rp2_common/pico_float/float_init_rom.c.obj
                0x0000000010003f9c                __aeabi_float_init
 .text.float_table_shim_on_use_helper
                0x0000000010004098       0x34 CMakeFiles/PicoMacro.dir/home/dmytro/pico/pico/pico-sdk/src/rp2_common/pico_float/float_v1_rom_shim.S.obj
                0x0000000010004098                float_table_shim_on_use_helper
 .text          0x00000000100040cc       0x10 CMakeFiles/PicoMacro.dir/home/dmytro/pico/pico/pico-sdk/src/rp2_common/pico_mem_ops/mem_ops_aeabi.S.obj
                0x00000000100040cc                __aeabi_mem_init
 .text.memset   0x00000000100040dc        0xc CMakeFiles/PicoMacro.dir/home/dmytro/pico/pico/pico-sdk/src/rp2_common/pico_mem_ops/mem_ops_aeabi.S.obj
                0x00000000100040dc                __wrap_memset
 .text.memcpy   0x00000000100040e8        0xc CMakeFiles/PicoMacro.dir/home/dmytro/pico/pico/pico-sdk/src/rp2_common/pico_mem_ops/mem_ops_aeabi.S.obj
                0x00000000100040e8                __wrap___aeabi_memcpy
                0x00000000100040e8                __wrap_memcpy
 .text.stdio_out_chars_no_crlf
                0x00000000100040f4        0xe CMakeFiles/PicoMacro.dir/home/dmytro/pico/pico/pico-sdk/src/rp2_common/pico_stdio/stdio.c.obj
 *fill*         0x0000000010004102        0x2 
 .text.stdio_out_chars_crlf
                0x0000000010004104       0x80 CMakeFiles/PicoMacro.dir/home/dmytro/pico/pico/pico-sdk/src/rp2_common/pico_stdio/stdio.c.obj
 .text.stdio_stack_buffer_flush
                0x0000000010004184       0x44 CMakeFiles/PicoMacro.dir/home/dmytro/pico/pico/pico-sdk/src/rp2_common/pico_stdio/stdio.c.obj
 .text.stdio_buffered_printer
                0x00000000100041c8       0x20 CMakeFiles/PicoMacro.dir/home/dmytro/pico/pico/pico-sdk/src/rp2_common/pico_stdio/stdio.c.obj
 .text.stdout_serialize_begin
                0x00000000100041e8       0x30 CMakeFiles/PicoMacro.dir/home/dmytro/pico/pico/pico-sdk/src/rp2_common/pico_stdio/stdio.c.obj
                0x00000000100041e8                stdout_serialize_begin
 .text.stdout_serialize_end
                0x0000000010004218       0x10 CMakeFiles/PicoMacro.dir/home/dmytro/pico/pico/pico-sdk/src/rp2_common/pico_stdio/stdio.c.obj
                0x0000000010004218                stdout_serialize_end
 .text.stdio_put_string
                0x0000000010004228       0x98 CMakeFiles/PicoMacro.dir/home/dmytro/pico/pico/pico-sdk/src/rp2_common/pico_stdio/stdio.c.obj
 .text.stdio_set_driver_enabled
                0x00000000100042c0       0x38 CMakeFiles/PicoMacro.dir/home/dmytro/pico/pico/pico-sdk/src/rp2_common/pico_stdio/stdio.c.obj
                0x00000000100042c0                stdio_set_driver_enabled
 .text.stdio_flush
                0x00000000100042f8       0x20 CMakeFiles/PicoMacro.dir/home/dmytro/pico/pico/pico-sdk/src/rp2_common/pico_stdio/stdio.c.obj
                0x00000000100042f8                stdio_flush
 .text.__wrap_puts
                0x0000000010004318       0x1e CMakeFiles/PicoMacro.dir/home/dmytro/pico/pico/pico-sdk/src/rp2_common/pico_stdio/stdio.c.obj
                0x0000000010004318                __wrap_puts
 *fill*         0x0000000010004336        0x2 
 .text.__wrap_vprintf
                0x0000000010004338       0x44 CMakeFiles/PicoMacro.dir/home/dmytro/pico/pico/pico-sdk/src/rp2_common/pico_stdio/stdio.c.obj
                0x0000000010004338                __wrap_vprintf
 .text.__wrap_printf
                0x000000001000437c       0x18 CMakeFiles/PicoMacro.dir/home/dmytro/pico/pico/pico-sdk/src/rp2_common/pico_stdio/stdio.c.obj
                0x000000001000437c                __wrap_printf
 .text.stdio_init_all
                0x0000000010004394        0x8 CMakeFiles/PicoMacro.dir/home/dmytro/pico/pico/pico-sdk/src/rp2_common/pico_stdio/stdio.c.obj
                0x0000000010004394                stdio_init_all
 .text.resetd_init
                0x000000001000439c        0x2 CMakeFiles/PicoMacro.dir/home/dmytro/pico/pico/pico-sdk/src/rp2_common/pico_stdio_usb/reset_interface.c.obj
 *fill*         0x000000001000439e        0x2 
 .text.resetd_reset
                0x00000000100043a0        0xc CMakeFiles/PicoMacro.dir/home/dmytro/pico/pico/pico-sdk/src/rp2_common/pico_stdio_usb/reset_interface.c.obj
 .text.resetd_open
                0x00000000100043ac       0x34 CMakeFiles/PicoMacro.dir/home/dmytro/pico/pico/pico-sdk/src/rp2_common/pico_stdio_usb/reset_interface.c.obj
 .text.resetd_xfer_cb
                0x00000000100043e0        0x4 CMakeFiles/PicoMacro.dir/home/dmytro/pico/pico/pico-sdk/src/rp2_common/pico_stdio_usb/reset_interface.c.obj
 .text.resetd_control_xfer_cb
                0x00000000100043e4       0x6c CMakeFiles/PicoMacro.dir/home/dmytro/pico/pico/pico-sdk/src/rp2_common/pico_stdio_usb/reset_interface.c.obj
 .text.usbd_app_driver_get_cb
                0x0000000010004450        0xc CMakeFiles/PicoMacro.dir/home/dmytro/pico/pico/pico-sdk/src/rp2_common/pico_stdio_usb/reset_interface.c.obj
                0x0000000010004450                usbd_app_driver_get_cb
 .text.tud_cdc_line_coding_cb
                0x000000001000445c       0x34 CMakeFiles/PicoMacro.dir/home/dmytro/pico/pico/pico-sdk/src/rp2_common/pico_stdio_usb/reset_interface.c.obj
                0x000000001000445c                tud_cdc_line_coding_cb
 .text.stdio_usb_in_chars
                0x0000000010004490       0x70 CMakeFiles/PicoMacro.dir/home/dmytro/pico/pico/pico-sdk/src/rp2_common/pico_stdio_usb/stdio_usb.c.obj
                0x0000000010004490                stdio_usb_in_chars
 .text.low_priority_worker_irq
                0x0000000010004500       0x20 CMakeFiles/PicoMacro.dir/home/dmytro/pico/pico/pico-sdk/src/rp2_common/pico_stdio_usb/stdio_usb.c.obj
 .text.stdio_usb_out_chars
                0x0000000010004520       0xd4 CMakeFiles/PicoMacro.dir/home/dmytro/pico/pico/pico-sdk/src/rp2_common/pico_stdio_usb/stdio_usb.c.obj
 .text.timer_task
                0x00000000100045f4       0x10 CMakeFiles/PicoMacro.dir/home/dmytro/pico/pico/pico-sdk/src/rp2_common/pico_stdio_usb/stdio_usb.c.obj
 .text.stdio_usb_init
                0x0000000010004604       0xb8 CMakeFiles/PicoMacro.dir/home/dmytro/pico/pico/pico-sdk/src/rp2_common/pico_stdio_usb/stdio_usb.c.obj
                0x0000000010004604                stdio_usb_init
 .text.tud_descriptor_device_cb
                0x00000000100046bc        0x8 CMakeFiles/PicoMacro.dir/home/dmytro/pico/pico/pico-sdk/src/rp2_common/pico_stdio_usb/stdio_usb_descriptors.c.obj
                0x00000000100046bc                tud_descriptor_device_cb
 .text.tud_descriptor_configuration_cb
                0x00000000100046c4        0x8 CMakeFiles/PicoMacro.dir/home/dmytro/pico/pico/pico-sdk/src/rp2_common/pico_stdio_usb/stdio_usb_descriptors.c.obj
                0x00000000100046c4                tud_descriptor_configuration_cb
 .text.tud_descriptor_string_cb
                0x00000000100046cc       0x6c CMakeFiles/PicoMacro.dir/home/dmytro/pico/pico/pico-sdk/src/rp2_common/pico_stdio_usb/stdio_usb_descriptors.c.obj
                0x00000000100046cc                tud_descriptor_string_cb
 .text.hw_endpoint_get_by_addr
                0x0000000010004738       0x18 CMakeFiles/PicoMacro.dir/home/dmytro/pico/pico/pico-sdk/lib/tinyusb/src/portable/raspberrypi/rp2040/dcd_rp2040.c.obj
 .text.reset_ep0_pid
                0x0000000010004750       0x28 CMakeFiles/PicoMacro.dir/home/dmytro/pico/pico/pico-sdk/lib/tinyusb/src/portable/raspberrypi/rp2040/dcd_rp2040.c.obj
 .text._hw_endpoint_alloc
                0x0000000010004778       0x70 CMakeFiles/PicoMacro.dir/home/dmytro/pico/pico/pico-sdk/lib/tinyusb/src/portable/raspberrypi/rp2040/dcd_rp2040.c.obj
 .text.hw_endpoint_init
                0x00000000100047e8       0x88 CMakeFiles/PicoMacro.dir/home/dmytro/pico/pico/pico-sdk/lib/tinyusb/src/portable/raspberrypi/rp2040/dcd_rp2040.c.obj
 .text.reset_non_control_endpoints
                0x0000000010004870       0x40 CMakeFiles/PicoMacro.dir/home/dmytro/pico/pico/pico-sdk/lib/tinyusb/src/portable/raspberrypi/rp2040/dcd_rp2040.c.obj
 .text.hw_handle_buff_status
                0x00000000100048b0       0x8c CMakeFiles/PicoMacro.dir/home/dmytro/pico/pico/pico-sdk/lib/tinyusb/src/portable/raspberrypi/rp2040/dcd_rp2040.c.obj
 .text.dcd_rp2040_irq
                0x000000001000493c       0xc0 CMakeFiles/PicoMacro.dir/home/dmytro/pico/pico/pico-sdk/lib/tinyusb/src/portable/raspberrypi/rp2040/dcd_rp2040.c.obj
 .text.hw_endpoint_xfer
                0x00000000100049fc       0x14 CMakeFiles/PicoMacro.dir/home/dmytro/pico/pico/pico-sdk/lib/tinyusb/src/portable/raspberrypi/rp2040/dcd_rp2040.c.obj
 .text.dcd_int_enable
                0x0000000010004a10       0x2c CMakeFiles/PicoMacro.dir/home/dmytro/pico/pico/pico-sdk/lib/tinyusb/src/portable/raspberrypi/rp2040/dcd_rp2040.c.obj
                0x0000000010004a10                dcd_int_enable
 .text.dcd_set_address
                0x0000000010004a3c       0x2c CMakeFiles/PicoMacro.dir/home/dmytro/pico/pico/pico-sdk/lib/tinyusb/src/portable/raspberrypi/rp2040/dcd_rp2040.c.obj
                0x0000000010004a3c                dcd_set_address
 .text.dcd_connect
                0x0000000010004a68       0x10 CMakeFiles/PicoMacro.dir/home/dmytro/pico/pico/pico-sdk/lib/tinyusb/src/portable/raspberrypi/rp2040/dcd_rp2040.c.obj
                0x0000000010004a68                dcd_connect
 .text.dcd_init
                0x0000000010004a78       0x7c CMakeFiles/PicoMacro.dir/home/dmytro/pico/pico/pico-sdk/lib/tinyusb/src/portable/raspberrypi/rp2040/dcd_rp2040.c.obj
                0x0000000010004a78                dcd_init
 .text.dcd_edpt0_status_complete
                0x0000000010004af4       0x1c CMakeFiles/PicoMacro.dir/home/dmytro/pico/pico/pico-sdk/lib/tinyusb/src/portable/raspberrypi/rp2040/dcd_rp2040.c.obj
                0x0000000010004af4                dcd_edpt0_status_complete
 .text.dcd_edpt_open
                0x0000000010004b10       0x40 CMakeFiles/PicoMacro.dir/home/dmytro/pico/pico/pico-sdk/lib/tinyusb/src/portable/raspberrypi/rp2040/dcd_rp2040.c.obj
                0x0000000010004b10                dcd_edpt_open
 .text.dcd_edpt_close_all
                0x0000000010004b50        0x8 CMakeFiles/PicoMacro.dir/home/dmytro/pico/pico/pico-sdk/lib/tinyusb/src/portable/raspberrypi/rp2040/dcd_rp2040.c.obj
                0x0000000010004b50                dcd_edpt_close_all
 .text.dcd_edpt_xfer
                0x0000000010004b58       0x30 CMakeFiles/PicoMacro.dir/home/dmytro/pico/pico/pico-sdk/lib/tinyusb/src/portable/raspberrypi/rp2040/dcd_rp2040.c.obj
                0x0000000010004b58                dcd_edpt_xfer
 .text.dcd_edpt_stall
                0x0000000010004b88       0x2c CMakeFiles/PicoMacro.dir/home/dmytro/pico/pico/pico-sdk/lib/tinyusb/src/portable/raspberrypi/rp2040/dcd_rp2040.c.obj
                0x0000000010004b88                dcd_edpt_stall
 .text.dcd_edpt_clear_stall
                0x0000000010004bb4       0x20 CMakeFiles/PicoMacro.dir/home/dmytro/pico/pico/pico-sdk/lib/tinyusb/src/portable/raspberrypi/rp2040/dcd_rp2040.c.obj
                0x0000000010004bb4                dcd_edpt_clear_stall
 .text.prepare_ep_buffer
                0x0000000010004bd4       0x70 CMakeFiles/PicoMacro.dir/home/dmytro/pico/pico/pico-sdk/lib/tinyusb/src/portable/raspberrypi/rp2040/rp2040_usb.c.obj
 .text.sync_ep_buffer
                0x0000000010004c44       0x7c CMakeFiles/PicoMacro.dir/home/dmytro/pico/pico/pico-sdk/lib/tinyusb/src/portable/raspberrypi/rp2040/rp2040_usb.c.obj
 .text._hw_endpoint_xfer_sync
                0x0000000010004cc0       0x28 CMakeFiles/PicoMacro.dir/home/dmytro/pico/pico/pico-sdk/lib/tinyusb/src/portable/raspberrypi/rp2040/rp2040_usb.c.obj
 .text.rp2040_usb_init
                0x0000000010004ce8       0x4c CMakeFiles/PicoMacro.dir/home/dmytro/pico/pico/pico-sdk/lib/tinyusb/src/portable/raspberrypi/rp2040/rp2040_usb.c.obj
                0x0000000010004ce8                rp2040_usb_init
 .text.hw_endpoint_reset_transfer
                0x0000000010004d34        0xc CMakeFiles/PicoMacro.dir/home/dmytro/pico/pico/pico-sdk/lib/tinyusb/src/portable/raspberrypi/rp2040/rp2040_usb.c.obj
                0x0000000010004d34                hw_endpoint_reset_transfer
 .text._hw_endpoint_buffer_control_update32
                0x0000000010004d40       0x58 CMakeFiles/PicoMacro.dir/home/dmytro/pico/pico/pico-sdk/lib/tinyusb/src/portable/raspberrypi/rp2040/rp2040_usb.c.obj
                0x0000000010004d40                _hw_endpoint_buffer_control_update32
 .text._hw_endpoint_start_next_buffer
                0x0000000010004d98       0x74 CMakeFiles/PicoMacro.dir/home/dmytro/pico/pico/pico-sdk/lib/tinyusb/src/portable/raspberrypi/rp2040/rp2040_usb.c.obj
 .text.hw_endpoint_xfer_start
                0x0000000010004e0c       0x48 CMakeFiles/PicoMacro.dir/home/dmytro/pico/pico/pico-sdk/lib/tinyusb/src/portable/raspberrypi/rp2040/rp2040_usb.c.obj
                0x0000000010004e0c                hw_endpoint_xfer_start
 .text.hw_endpoint_xfer_continue
                0x0000000010004e54       0x38 CMakeFiles/PicoMacro.dir/home/dmytro/pico/pico/pico-sdk/lib/tinyusb/src/portable/raspberrypi/rp2040/rp2040_usb.c.obj
                0x0000000010004e54                hw_endpoint_xfer_continue
 .text.configuration_reset
                0x0000000010004e8c       0x84 CMakeFiles/PicoMacro.dir/home/dmytro/pico/pico/pico-sdk/lib/tinyusb/src/device/usbd.c.obj
 .text.usbd_reset
                0x0000000010004f10        0xc CMakeFiles/PicoMacro.dir/home/dmytro/pico/pico/pico-sdk/lib/tinyusb/src/device/usbd.c.obj
 .text.invoke_class_control
                0x0000000010004f1c       0x1a CMakeFiles/PicoMacro.dir/home/dmytro/pico/pico/pico-sdk/lib/tinyusb/src/device/usbd.c.obj
 *fill*         0x0000000010004f36        0x2 
 .text.process_set_config
                0x0000000010004f38      0x1ac CMakeFiles/PicoMacro.dir/home/dmytro/pico/pico/pico-sdk/lib/tinyusb/src/device/usbd.c.obj
 .text.process_get_descriptor
                0x00000000100050e4       0xec CMakeFiles/PicoMacro.dir/home/dmytro/pico/pico/pico-sdk/lib/tinyusb/src/device/usbd.c.obj
 .text.tud_mounted
                0x00000000100051d0       0x10 CMakeFiles/PicoMacro.dir/home/dmytro/pico/pico/pico-sdk/lib/tinyusb/src/device/usbd.c.obj
                0x00000000100051d0                tud_mounted
 .text.tud_suspended
                0x00000000100051e0       0x10 CMakeFiles/PicoMacro.dir/home/dmytro/pico/pico/pico-sdk/lib/tinyusb/src/device/usbd.c.obj
                0x00000000100051e0                tud_suspended
 .text.tud_inited
                0x00000000100051f0        0xc CMakeFiles/PicoMacro.dir/home/dmytro/pico/pico/pico-sdk/lib/tinyusb/src/device/usbd.c.obj
                0x00000000100051f0                tud_inited
 .text.tud_init
                0x00000000100051fc       0xcc CMakeFiles/PicoMacro.dir/home/dmytro/pico/pico/pico-sdk/lib/tinyusb/src/device/usbd.c.obj
                0x00000000100051fc                tud_init
 .text.dcd_event_handler
                0x00000000100052c8      0x1e0 CMakeFiles/PicoMacro.dir/home/dmytro/pico/pico/pico-sdk/lib/tinyusb/src/device/usbd.c.obj
                0x00000000100052c8                dcd_event_handler
 .text.dcd_event_bus_signal
                0x00000000100054a8       0x26 CMakeFiles/PicoMacro.dir/home/dmytro/pico/pico/pico-sdk/lib/tinyusb/src/device/usbd.c.obj
                0x00000000100054a8                dcd_event_bus_signal
 .text.dcd_event_bus_reset
                0x00000000100054ce       0x2a CMakeFiles/PicoMacro.dir/home/dmytro/pico/pico/pico-sdk/lib/tinyusb/src/device/usbd.c.obj
                0x00000000100054ce                dcd_event_bus_reset
 .text.dcd_event_setup_received
                0x00000000100054f8       0x34 CMakeFiles/PicoMacro.dir/home/dmytro/pico/pico/pico-sdk/lib/tinyusb/src/device/usbd.c.obj
                0x00000000100054f8                dcd_event_setup_received
 .text.dcd_event_xfer_complete
                0x000000001000552c       0x44 CMakeFiles/PicoMacro.dir/home/dmytro/pico/pico/pico-sdk/lib/tinyusb/src/device/usbd.c.obj
                0x000000001000552c                dcd_event_xfer_complete
 .text.usbd_edpt_open
                0x0000000010005570       0x58 CMakeFiles/PicoMacro.dir/home/dmytro/pico/pico/pico-sdk/lib/tinyusb/src/device/usbd.c.obj
                0x0000000010005570                usbd_edpt_open
 .text.usbd_open_edpt_pair
                0x00000000100055c8       0x8c CMakeFiles/PicoMacro.dir/home/dmytro/pico/pico/pico-sdk/lib/tinyusb/src/device/usbd.c.obj
                0x00000000100055c8                usbd_open_edpt_pair
 .text.usbd_edpt_claim
                0x0000000010005654       0x8c CMakeFiles/PicoMacro.dir/home/dmytro/pico/pico/pico-sdk/lib/tinyusb/src/device/usbd.c.obj
                0x0000000010005654                usbd_edpt_claim
 .text.usbd_edpt_release
                0x00000000100056e0       0x68 CMakeFiles/PicoMacro.dir/home/dmytro/pico/pico/pico-sdk/lib/tinyusb/src/device/usbd.c.obj
                0x00000000100056e0                usbd_edpt_release
 .text.usbd_edpt_xfer
                0x0000000010005748       0x80 CMakeFiles/PicoMacro.dir/home/dmytro/pico/pico/pico-sdk/lib/tinyusb/src/device/usbd.c.obj
                0x0000000010005748                usbd_edpt_xfer
 .text.usbd_edpt_stall
                0x00000000100057c8       0x40 CMakeFiles/PicoMacro.dir/home/dmytro/pico/pico/pico-sdk/lib/tinyusb/src/device/usbd.c.obj
                0x00000000100057c8                usbd_edpt_stall
 .text.usbd_edpt_clear_stall
                0x0000000010005808       0x40 CMakeFiles/PicoMacro.dir/home/dmytro/pico/pico/pico-sdk/lib/tinyusb/src/device/usbd.c.obj
                0x0000000010005808                usbd_edpt_clear_stall
 .text.usbd_edpt_stalled
                0x0000000010005848       0x1c CMakeFiles/PicoMacro.dir/home/dmytro/pico/pico/pico-sdk/lib/tinyusb/src/device/usbd.c.obj
                0x0000000010005848                usbd_edpt_stalled
 .text.process_control_request
                0x0000000010005864      0x3b8 CMakeFiles/PicoMacro.dir/home/dmytro/pico/pico/pico-sdk/lib/tinyusb/src/device/usbd.c.obj
 .text.tud_task
                0x0000000010005c1c      0x218 CMakeFiles/PicoMacro.dir/home/dmytro/pico/pico/pico-sdk/lib/tinyusb/src/device/usbd.c.obj
                0x0000000010005c1c                tud_task
 .text._data_stage_xact
                0x0000000010005e34       0x58 CMakeFiles/PicoMacro.dir/home/dmytro/pico/pico/pico-sdk/lib/tinyusb/src/device/usbd_control.c.obj
 .text.tud_control_status
                0x0000000010005e8c       0x38 CMakeFiles/PicoMacro.dir/home/dmytro/pico/pico/pico-sdk/lib/tinyusb/src/device/usbd_control.c.obj
                0x0000000010005e8c                tud_control_status
 .text.tud_control_xfer
                0x0000000010005ec4       0xa8 CMakeFiles/PicoMacro.dir/home/dmytro/pico/pico/pico-sdk/lib/tinyusb/src/device/usbd_control.c.obj
                0x0000000010005ec4                tud_control_xfer
 .text.usbd_control_reset
                0x0000000010005f6c       0x14 CMakeFiles/PicoMacro.dir/home/dmytro/pico/pico/pico-sdk/lib/tinyusb/src/device/usbd_control.c.obj
                0x0000000010005f6c                usbd_control_reset
 .text.usbd_control_set_complete_callback
                0x0000000010005f80        0xc CMakeFiles/PicoMacro.dir/home/dmytro/pico/pico/pico-sdk/lib/tinyusb/src/device/usbd_control.c.obj
                0x0000000010005f80                usbd_control_set_complete_callback
 .text.usbd_control_set_request
                0x0000000010005f8c       0x1c CMakeFiles/PicoMacro.dir/home/dmytro/pico/pico/pico-sdk/lib/tinyusb/src/device/usbd_control.c.obj
                0x0000000010005f8c                usbd_control_set_request
 .text.usbd_control_xfer_cb
                0x0000000010005fa8       0xfc CMakeFiles/PicoMacro.dir/home/dmytro/pico/pico/pico-sdk/lib/tinyusb/src/device/usbd_control.c.obj
                0x0000000010005fa8                usbd_control_xfer_cb
 .text._prep_out_transaction
                0x00000000100060a4       0x46 CMakeFiles/PicoMacro.dir/home/dmytro/pico/pico/pico-sdk/lib/tinyusb/src/class/cdc/cdc_device.c.obj
 *fill*         0x00000000100060ea        0x2 
 .text.tud_cdc_n_connected
                0x00000000100060ec       0x44 CMakeFiles/PicoMacro.dir/home/dmytro/pico/pico/pico-sdk/lib/tinyusb/src/class/cdc/cdc_device.c.obj
                0x00000000100060ec                tud_cdc_n_connected
 .text.tud_cdc_n_available
                0x0000000010006130       0x18 CMakeFiles/PicoMacro.dir/home/dmytro/pico/pico/pico-sdk/lib/tinyusb/src/class/cdc/cdc_device.c.obj
                0x0000000010006130                tud_cdc_n_available
 .text.tud_cdc_n_read
                0x0000000010006148       0x28 CMakeFiles/PicoMacro.dir/home/dmytro/pico/pico/pico-sdk/lib/tinyusb/src/class/cdc/cdc_device.c.obj
                0x0000000010006148                tud_cdc_n_read
 .text.tud_cdc_n_write_flush
                0x0000000010006170       0xcc CMakeFiles/PicoMacro.dir/home/dmytro/pico/pico/pico-sdk/lib/tinyusb/src/class/cdc/cdc_device.c.obj
                0x0000000010006170                tud_cdc_n_write_flush
 .text.tud_cdc_n_write
                0x000000001000623c       0x38 CMakeFiles/PicoMacro.dir/home/dmytro/pico/pico/pico-sdk/lib/tinyusb/src/class/cdc/cdc_device.c.obj
                0x000000001000623c                tud_cdc_n_write
 .text.tud_cdc_n_write_available
                0x0000000010006274       0x1c CMakeFiles/PicoMacro.dir/home/dmytro/pico/pico/pico-sdk/lib/tinyusb/src/class/cdc/cdc_device.c.obj
                0x0000000010006274                tud_cdc_n_write_available
 .text.cdcd_init
                0x0000000010006290       0xbc CMakeFiles/PicoMacro.dir/home/dmytro/pico/pico/pico-sdk/lib/tinyusb/src/class/cdc/cdc_device.c.obj
                0x0000000010006290                cdcd_init
 .text.cdcd_reset
                0x000000001000634c       0x44 CMakeFiles/PicoMacro.dir/home/dmytro/pico/pico/pico-sdk/lib/tinyusb/src/class/cdc/cdc_device.c.obj
                0x000000001000634c                cdcd_reset
 .text.cdcd_open
                0x0000000010006390       0xf8 CMakeFiles/PicoMacro.dir/home/dmytro/pico/pico/pico-sdk/lib/tinyusb/src/class/cdc/cdc_device.c.obj
                0x0000000010006390                cdcd_open
 .text.cdcd_control_xfer_cb
                0x0000000010006488      0x134 CMakeFiles/PicoMacro.dir/home/dmytro/pico/pico/pico-sdk/lib/tinyusb/src/class/cdc/cdc_device.c.obj
                0x0000000010006488                cdcd_control_xfer_cb
 .text.cdcd_xfer_cb
                0x00000000100065bc      0x144 CMakeFiles/PicoMacro.dir/home/dmytro/pico/pico/pico-sdk/lib/tinyusb/src/class/cdc/cdc_device.c.obj
                0x00000000100065bc                cdcd_xfer_cb
 .text.tusb_init
                0x0000000010006700       0x24 CMakeFiles/PicoMacro.dir/home/dmytro/pico/pico/pico-sdk/lib/tinyusb/src/tusb.c.obj
                0x0000000010006700                tusb_init
 .text.tusb_inited
                0x0000000010006724        0xe CMakeFiles/PicoMacro.dir/home/dmytro/pico/pico/pico-sdk/lib/tinyusb/src/tusb.c.obj
                0x0000000010006724                tusb_inited
 *fill*         0x0000000010006732        0x2 
 .text.tu_edpt_validate
                0x0000000010006734       0xa8 CMakeFiles/PicoMacro.dir/home/dmytro/pico/pico/pico-sdk/lib/tinyusb/src/tusb.c.obj
                0x0000000010006734                tu_edpt_validate
 .text.tu_edpt_bind_driver
                0x00000000100067dc       0x2a CMakeFiles/PicoMacro.dir/home/dmytro/pico/pico/pico-sdk/lib/tinyusb/src/tusb.c.obj
                0x00000000100067dc                tu_edpt_bind_driver
 .text.advance_pointer
                0x0000000010006806       0x18 CMakeFiles/PicoMacro.dir/home/dmytro/pico/pico/pico-sdk/lib/tinyusb/src/common/tusb_fifo.c.obj
 .text.backward_pointer
                0x000000001000681e       0x1e CMakeFiles/PicoMacro.dir/home/dmytro/pico/pico/pico-sdk/lib/tinyusb/src/common/tusb_fifo.c.obj
 .text.get_relative_pointer
                0x000000001000683c       0x10 CMakeFiles/PicoMacro.dir/home/dmytro/pico/pico/pico-sdk/lib/tinyusb/src/common/tusb_fifo.c.obj
 .text._tu_fifo_peek
                0x000000001000684c       0x50 CMakeFiles/PicoMacro.dir/home/dmytro/pico/pico/pico-sdk/lib/tinyusb/src/common/tusb_fifo.c.obj
 .text._ff_pull_const_addr
                0x000000001000689c       0x4c CMakeFiles/PicoMacro.dir/home/dmytro/pico/pico/pico-sdk/lib/tinyusb/src/common/tusb_fifo.c.obj
 .text._ff_pull_n
                0x00000000100068e8      0x10c CMakeFiles/PicoMacro.dir/home/dmytro/pico/pico/pico-sdk/lib/tinyusb/src/common/tusb_fifo.c.obj
 .text._tu_fifo_peek_n
                0x00000000100069f4       0x5e CMakeFiles/PicoMacro.dir/home/dmytro/pico/pico/pico-sdk/lib/tinyusb/src/common/tusb_fifo.c.obj
 .text._tu_fifo_read_n
                0x0000000010006a52       0x4e CMakeFiles/PicoMacro.dir/home/dmytro/pico/pico/pico-sdk/lib/tinyusb/src/common/tusb_fifo.c.obj
 .text._ff_push_const_addr
                0x0000000010006aa0       0x40 CMakeFiles/PicoMacro.dir/home/dmytro/pico/pico/pico-sdk/lib/tinyusb/src/common/tusb_fifo.c.obj
 .text._ff_push_n
                0x0000000010006ae0      0x106 CMakeFiles/PicoMacro.dir/home/dmytro/pico/pico/pico-sdk/lib/tinyusb/src/common/tusb_fifo.c.obj
 .text._tu_fifo_write_n
                0x0000000010006be6       0x9e CMakeFiles/PicoMacro.dir/home/dmytro/pico/pico/pico-sdk/lib/tinyusb/src/common/tusb_fifo.c.obj
 .text.tu_fifo_config
                0x0000000010006c84       0x72 CMakeFiles/PicoMacro.dir/home/dmytro/pico/pico/pico-sdk/lib/tinyusb/src/common/tusb_fifo.c.obj
                0x0000000010006c84                tu_fifo_config
 .text.tu_fifo_count
                0x0000000010006cf6       0x26 CMakeFiles/PicoMacro.dir/home/dmytro/pico/pico/pico-sdk/lib/tinyusb/src/common/tusb_fifo.c.obj
                0x0000000010006cf6                tu_fifo_count
 .text.tu_fifo_empty
                0x0000000010006d1c        0xe CMakeFiles/PicoMacro.dir/home/dmytro/pico/pico/pico-sdk/lib/tinyusb/src/common/tusb_fifo.c.obj
                0x0000000010006d1c                tu_fifo_empty
 .text.tu_fifo_remaining
                0x0000000010006d2a       0x20 CMakeFiles/PicoMacro.dir/home/dmytro/pico/pico/pico-sdk/lib/tinyusb/src/common/tusb_fifo.c.obj
                0x0000000010006d2a                tu_fifo_remaining
 .text.tu_fifo_read
                0x0000000010006d4a       0x42 CMakeFiles/PicoMacro.dir/home/dmytro/pico/pico/pico-sdk/lib/tinyusb/src/common/tusb_fifo.c.obj
                0x0000000010006d4a                tu_fifo_read
 .text.tu_fifo_read_n
                0x0000000010006d8c        0xa CMakeFiles/PicoMacro.dir/home/dmytro/pico/pico/pico-sdk/lib/tinyusb/src/common/tusb_fifo.c.obj
                0x0000000010006d8c                tu_fifo_read_n
 .text.tu_fifo_write
                0x0000000010006d96       0x6c CMakeFiles/PicoMacro.dir/home/dmytro/pico/pico/pico-sdk/lib/tinyusb/src/common/tusb_fifo.c.obj
                0x0000000010006d96                tu_fifo_write
 .text.tu_fifo_write_n
                0x0000000010006e02        0xa CMakeFiles/PicoMacro.dir/home/dmytro/pico/pico/pico-sdk/lib/tinyusb/src/common/tusb_fifo.c.obj
                0x0000000010006e02                tu_fifo_write_n
 .text.tu_fifo_clear
                0x0000000010006e0c       0x4c CMakeFiles/PicoMacro.dir/home/dmytro/pico/pico/pico-sdk/lib/tinyusb/src/common/tusb_fifo.c.obj
                0x0000000010006e0c                tu_fifo_clear
 .text.tu_fifo_set_overwritable
                0x0000000010006e58       0x3c CMakeFiles/PicoMacro.dir/home/dmytro/pico/pico/pico-sdk/lib/tinyusb/src/common/tusb_fifo.c.obj
                0x0000000010006e58                tu_fifo_set_overwritable
 .text._retrieve_unique_id_on_boot
                0x0000000010006e94       0x10 CMakeFiles/PicoMacro.dir/home/dmytro/pico/pico/pico-sdk/src/rp2_common/pico_unique_id/unique_id.c.obj
 .text.pico_get_unique_board_id_string
                0x0000000010006ea4       0x60 CMakeFiles/PicoMacro.dir/home/dmytro/pico/pico/pico-sdk/src/rp2_common/pico_unique_id/unique_id.c.obj
                0x0000000010006ea4                pico_get_unique_board_id_string
 .text.flash_get_unique_id
                0x0000000010006f04       0x46 CMakeFiles/PicoMacro.dir/home/dmytro/pico/pico/pico-sdk/src/rp2_common/hardware_flash/flash.c.obj
                0x0000000010006f04                flash_get_unique_id
 *fill*         0x0000000010006f4a        0x2 
 .text          0x0000000010006f4c       0x68 /usr/lib/gcc/arm-none-eabi/9.2.1/../../../arm-none-eabi/lib/thumb/v6-m/nofp/libg.a(lib_a-strlen-stub.o)
                0x0000000010006f4c                strlen
 *(.fini)
 .fini          0x0000000010006fb4        0x4 /usr/lib/gcc/arm-none-eabi/9.2.1/thumb/v6-m/nofp/crti.o
                0x0000000010006fb4                _fini
 .fini.__stub   0x0000000010006fb8       0x70 linker stubs
 *crtbegin.o(.ctors)
 *crtbegin?.o(.ctors)
 *(EXCLUDE_FILE(*crtend.o *crtend?.o) .ctors)
 *(SORT_BY_NAME(.ctors.*))
 *(.ctors)
 *crtbegin.o(.dtors)
 *crtbegin?.o(.dtors)
 *(EXCLUDE_FILE(*crtend.o *crtend?.o) .dtors)
 *(SORT_BY_NAME(.dtors.*))
 *(.dtors)
 *(.eh_frame*)
 .eh_frame      0x0000000010007028        0x0 /usr/lib/gcc/arm-none-eabi/9.2.1/thumb/v6-m/nofp/crtbegin.o
                0x0000000010007028                . = ALIGN (0x4)

.glue_7         0x0000000010007028        0x0
 .glue_7        0x0000000010007028        0x0 linker stubs

.glue_7t        0x0000000010007028        0x0
 .glue_7t       0x0000000010007028        0x0 linker stubs

.vfp11_veneer   0x0000000010007028        0x0
 .vfp11_veneer  0x0000000010007028        0x0 linker stubs

.v4_bx          0x0000000010007028        0x0
 .v4_bx         0x0000000010007028        0x0 linker stubs

.iplt           0x0000000010007028        0x0
 .iplt          0x0000000010007028        0x0 /usr/lib/gcc/arm-none-eabi/9.2.1/thumb/v6-m/nofp/crtbegin.o

.rodata         0x0000000010007028     0x15f8
 *(EXCLUDE_FILE(*libm.a: *libc.a:*lib_a-mem*.o *libgcc.a:) .rodata*)
 .rodata.main.str1.4
                0x0000000010007028        0xb CMakeFiles/PicoMacro.dir/main.c.obj
 *fill*         0x0000000010007033        0x1 
 .rodata.spin_lock_claim_unused.str1.4
                0x0000000010007034       0x1b CMakeFiles/PicoMacro.dir/home/dmytro/pico/pico/pico-sdk/src/rp2_common/hardware_sync/sync.c.obj
 *fill*         0x000000001000704f        0x1 
 .rodata.repeating_timer_callback.str1.4
                0x0000000010007050       0x50 CMakeFiles/PicoMacro.dir/home/dmytro/pico/pico/pico-sdk/src/common/pico_time/time.c.obj
 .rodata.alarm_pool_dump_key.str1.4
                0x00000000100070a0       0x33 CMakeFiles/PicoMacro.dir/home/dmytro/pico/pico/pico-sdk/src/common/pico_time/time.c.obj
 *fill*         0x00000000100070d3        0x1 
 .rodata.ph_add_child_node.str1.4
                0x00000000100070d4       0x9a CMakeFiles/PicoMacro.dir/home/dmytro/pico/pico/pico-sdk/src/common/pico_time/time.c.obj
 *fill*         0x000000001000716e        0x2 
 .rodata.add_alarm_under_lock.str1.4
                0x0000000010007170       0x28 CMakeFiles/PicoMacro.dir/home/dmytro/pico/pico/pico-sdk/src/common/pico_time/time.c.obj
                                         0x2b (size before relaxing)
 .rodata.alarm_pool_alarm_callback.str1.4
                0x0000000010007198       0xea CMakeFiles/PicoMacro.dir/home/dmytro/pico/pico/pico-sdk/src/common/pico_time/time.c.obj
 *fill*         0x0000000010007282        0x2 
 .rodata.alarm_pool_get_default.str1.4
                0x0000000010007284       0x21 CMakeFiles/PicoMacro.dir/home/dmytro/pico/pico/pico-sdk/src/common/pico_time/time.c.obj
 *fill*         0x00000000100072a5        0x3 
 .rodata.alarm_pool_cancel_alarm.str1.4
                0x00000000100072a8       0x27 CMakeFiles/PicoMacro.dir/home/dmytro/pico/pico/pico-sdk/src/common/pico_time/time.c.obj
 *fill*         0x00000000100072cf        0x1 
 .rodata.sleep_until.str1.4
                0x00000000100072d0       0x4d CMakeFiles/PicoMacro.dir/home/dmytro/pico/pico/pico-sdk/src/common/pico_time/time.c.obj
 *fill*         0x000000001000731d        0x3 
 .rodata.__func__.5701
                0x0000000010007320       0x15 CMakeFiles/PicoMacro.dir/home/dmytro/pico/pico/pico-sdk/src/common/pico_time/time.c.obj
 *fill*         0x0000000010007335        0x3 
 .rodata.__func__.6007
                0x0000000010007338        0xc CMakeFiles/PicoMacro.dir/home/dmytro/pico/pico/pico-sdk/src/common/pico_time/time.c.obj
 .rodata.__func__.6014
                0x0000000010007344       0x12 CMakeFiles/PicoMacro.dir/home/dmytro/pico/pico/pico-sdk/src/common/pico_time/time.c.obj
 *fill*         0x0000000010007356        0x2 
 .rodata.__func__.6030
                0x0000000010007358        0xf CMakeFiles/PicoMacro.dir/home/dmytro/pico/pico/pico-sdk/src/common/pico_time/time.c.obj
 *fill*         0x0000000010007367        0x1 
 .rodata.__func__.6052
                0x0000000010007368        0xd CMakeFiles/PicoMacro.dir/home/dmytro/pico/pico/pico-sdk/src/common/pico_time/time.c.obj
 *fill*         0x0000000010007375        0x3 
 .rodata.__func__.6276
                0x0000000010007378        0xa CMakeFiles/PicoMacro.dir/home/dmytro/pico/pico/pico-sdk/src/common/pico_time/time.c.obj
 *fill*         0x0000000010007382        0x2 
 .rodata.__func__.6281
                0x0000000010007384       0x12 CMakeFiles/PicoMacro.dir/home/dmytro/pico/pico/pico-sdk/src/common/pico_time/time.c.obj
 *fill*         0x0000000010007396        0x2 
 .rodata.__func__.6296
                0x0000000010007398       0x17 CMakeFiles/PicoMacro.dir/home/dmytro/pico/pico/pico-sdk/src/common/pico_time/time.c.obj
 *fill*         0x00000000100073af        0x1 
 .rodata.__func__.6307
                0x00000000100073b0       0x15 CMakeFiles/PicoMacro.dir/home/dmytro/pico/pico/pico-sdk/src/common/pico_time/time.c.obj
 *fill*         0x00000000100073c5        0x3 
 .rodata.__func__.6324
                0x00000000100073c8       0x1a CMakeFiles/PicoMacro.dir/home/dmytro/pico/pico/pico-sdk/src/common/pico_time/time.c.obj
 *fill*         0x00000000100073e2        0x2 
 .rodata.__func__.6363
                0x00000000100073e4       0x18 CMakeFiles/PicoMacro.dir/home/dmytro/pico/pico/pico-sdk/src/common/pico_time/time.c.obj
 .rodata.hardware_alarm_claim.str1.4
                0x00000000100073fc       0x22 CMakeFiles/PicoMacro.dir/home/dmytro/pico/pico/pico-sdk/src/rp2_common/hardware_timer/timer.c.obj
 *fill*         0x000000001000741e        0x2 
 .rodata.hardware_alarm_set_target.str1.4
                0x0000000010007420       0x6a CMakeFiles/PicoMacro.dir/home/dmytro/pico/pico/pico-sdk/src/rp2_common/hardware_timer/timer.c.obj
 *fill*         0x000000001000748a        0x2 
 .rodata.__func__.4559
                0x000000001000748c       0x1a CMakeFiles/PicoMacro.dir/home/dmytro/pico/pico/pico-sdk/src/rp2_common/hardware_timer/timer.c.obj
 *fill*         0x00000000100074a6        0x2 
 .rodata.str1.4
                0x00000000100074a8       0x91 CMakeFiles/PicoMacro.dir/home/dmytro/pico/pico/pico-sdk/src/common/pico_sync/mutex.c.obj
                                         0xf9 (size before relaxing)
 *fill*         0x0000000010007539        0x3 
 .rodata.__func__.4193
                0x000000001000753c       0x15 CMakeFiles/PicoMacro.dir/home/dmytro/pico/pico/pico-sdk/src/common/pico_sync/mutex.c.obj
 *fill*         0x0000000010007551        0x3 
 .rodata.__func__.4681
                0x0000000010007554       0x18 CMakeFiles/PicoMacro.dir/home/dmytro/pico/pico/pico-sdk/src/common/pico_sync/mutex.c.obj
 .rodata.__func__.4700
                0x000000001000756c        0xb CMakeFiles/PicoMacro.dir/home/dmytro/pico/pico/pico-sdk/src/common/pico_sync/mutex.c.obj
 .rodata.ph_add_child_node.str1.4
                0x0000000010007577       0x9a CMakeFiles/PicoMacro.dir/home/dmytro/pico/pico/pico-sdk/src/common/pico_util/pheap.c.obj
 *fill*         0x0000000010007577        0x1 
 .rodata.ph_remove_any_head.str1.4
                0x0000000010007578       0x94 CMakeFiles/PicoMacro.dir/home/dmytro/pico/pico/pico-sdk/src/common/pico_util/pheap.c.obj
 .rodata.ph_remove_and_free_node.str1.4
                0x000000001000760c       0x26 CMakeFiles/PicoMacro.dir/home/dmytro/pico/pico/pico-sdk/src/common/pico_util/pheap.c.obj
 *fill*         0x0000000010007632        0x2 
 .rodata.__func__.5708
                0x0000000010007634        0xc CMakeFiles/PicoMacro.dir/home/dmytro/pico/pico/pico-sdk/src/common/pico_util/pheap.c.obj
 .rodata.__func__.5715
                0x0000000010007640       0x12 CMakeFiles/PicoMacro.dir/home/dmytro/pico/pico/pico-sdk/src/common/pico_util/pheap.c.obj
 *fill*         0x0000000010007652        0x2 
 .rodata.__func__.5801
                0x0000000010007654       0x13 CMakeFiles/PicoMacro.dir/home/dmytro/pico/pico/pico-sdk/src/common/pico_util/pheap.c.obj
 *fill*         0x0000000010007667        0x1 
 .rodata.__func__.5819
                0x0000000010007668       0x18 CMakeFiles/PicoMacro.dir/home/dmytro/pico/pico/pico-sdk/src/common/pico_util/pheap.c.obj
 .rodata.__assert_func.str1.4
                0x0000000010007680       0x3f CMakeFiles/PicoMacro.dir/home/dmytro/pico/pico/pico-sdk/src/rp2_common/pico_runtime/runtime.c.obj
                                         0x43 (size before relaxing)
 *fill*         0x00000000100076bf        0x1 
 .rodata.runtime_init.str1.4
                0x00000000100076c0       0x66 CMakeFiles/PicoMacro.dir/home/dmytro/pico/pico/pico-sdk/src/rp2_common/pico_runtime/runtime.c.obj
 *fill*         0x0000000010007726        0x2 
 .rodata.panic.str1.4
                0x0000000010007728       0x12 CMakeFiles/PicoMacro.dir/home/dmytro/pico/pico/pico-sdk/src/rp2_common/pico_runtime/runtime.c.obj
 *fill*         0x000000001000773a        0x2 
 .rodata.__func__.5816
                0x000000001000773c        0xd CMakeFiles/PicoMacro.dir/home/dmytro/pico/pico/pico-sdk/src/rp2_common/pico_runtime/runtime.c.obj
 *fill*         0x0000000010007749        0x3 
 .rodata.clock_configure.str1.4
                0x000000001000774c       0x5c CMakeFiles/PicoMacro.dir/home/dmytro/pico/pico/pico-sdk/src/rp2_common/hardware_clocks/clocks.c.obj
 .rodata.__func__.4688
                0x00000000100077a8       0x10 CMakeFiles/PicoMacro.dir/home/dmytro/pico/pico/pico-sdk/src/rp2_common/hardware_clocks/clocks.c.obj
 .rodata.make_branch.str1.4
                0x00000000100077b8       0x52 CMakeFiles/PicoMacro.dir/home/dmytro/pico/pico/pico-sdk/src/rp2_common/hardware_irq/irq.c.obj
 *fill*         0x000000001000780a        0x2 
 .rodata.irq_set_exclusive_handler.str1.4
                0x000000001000780c       0x36 CMakeFiles/PicoMacro.dir/home/dmytro/pico/pico/pico-sdk/src/rp2_common/hardware_irq/irq.c.obj
 *fill*         0x0000000010007842        0x2 
 .rodata.irq_add_shared_handler.str1.4
                0x0000000010007844       0xd9 CMakeFiles/PicoMacro.dir/home/dmytro/pico/pico/pico-sdk/src/rp2_common/hardware_irq/irq.c.obj
 *fill*         0x000000001000791d        0x3 
 .rodata.irq_remove_handler.str1.4
                0x0000000010007920       0x2a CMakeFiles/PicoMacro.dir/home/dmytro/pico/pico/pico-sdk/src/rp2_common/hardware_irq/irq.c.obj
 *fill*         0x000000001000794a        0x2 
 .rodata.irq_add_tail_to_free_list.str1.4
                0x000000001000794c       0x32 CMakeFiles/PicoMacro.dir/home/dmytro/pico/pico/pico-sdk/src/rp2_common/hardware_irq/irq.c.obj
                                         0x3a (size before relaxing)
 *fill*         0x000000001000797e        0x2 
 .rodata.__func__.4733
                0x0000000010007980       0x1a CMakeFiles/PicoMacro.dir/home/dmytro/pico/pico/pico-sdk/src/rp2_common/hardware_irq/irq.c.obj
 *fill*         0x000000001000799a        0x2 
 .rodata.__func__.4747
                0x000000001000799c        0xc CMakeFiles/PicoMacro.dir/home/dmytro/pico/pico/pico-sdk/src/rp2_common/hardware_irq/irq.c.obj
 .rodata.__func__.4755
                0x00000000100079a8       0x17 CMakeFiles/PicoMacro.dir/home/dmytro/pico/pico/pico-sdk/src/rp2_common/hardware_irq/irq.c.obj
 *fill*         0x00000000100079bf        0x1 
 .rodata.__func__.4759
                0x00000000100079c0        0xf CMakeFiles/PicoMacro.dir/home/dmytro/pico/pico/pico-sdk/src/rp2_common/hardware_irq/irq.c.obj
 *fill*         0x00000000100079cf        0x1 
 .rodata.__func__.4798
                0x00000000100079d0       0x13 CMakeFiles/PicoMacro.dir/home/dmytro/pico/pico/pico-sdk/src/rp2_common/hardware_irq/irq.c.obj
 *fill*         0x00000000100079e3        0x1 
 .rodata.__func__.4821
                0x00000000100079e4       0x1a CMakeFiles/PicoMacro.dir/home/dmytro/pico/pico/pico-sdk/src/rp2_common/hardware_irq/irq.c.obj
 *fill*         0x00000000100079fe        0x2 
 .rodata.pll_init.str1.4
                0x0000000010007a00       0xdf CMakeFiles/PicoMacro.dir/home/dmytro/pico/pico/pico-sdk/src/rp2_common/hardware_pll/pll.c.obj
 *fill*         0x0000000010007adf        0x1 
 .rodata.__func__.4408
                0x0000000010007ae0        0x9 CMakeFiles/PicoMacro.dir/home/dmytro/pico/pico/pico-sdk/src/rp2_common/hardware_pll/pll.c.obj
 *fill*         0x0000000010007ae9        0x3 
 .rodata._ftoa.str1.4
                0x0000000010007aec       0x15 CMakeFiles/PicoMacro.dir/home/dmytro/pico/pico/pico-sdk/src/rp2_common/pico_printf/printf.c.obj
 *fill*         0x0000000010007b01        0x3 
 .rodata._vsnprintf
                0x0000000010007b04      0x1e0 CMakeFiles/PicoMacro.dir/home/dmytro/pico/pico/pico-sdk/src/rp2_common/pico_printf/printf.c.obj
 *fill*         0x0000000010007ce4        0x4 
 .rodata.pow10.5422
                0x0000000010007ce8       0x50 CMakeFiles/PicoMacro.dir/home/dmytro/pico/pico/pico-sdk/src/rp2_common/pico_printf/printf.c.obj
 .rodata.__aeabi_double_init.str1.4
                0x0000000010007d38       0xad CMakeFiles/PicoMacro.dir/home/dmytro/pico/pico/pico-sdk/src/rp2_common/pico_double/double_init_rom.c.obj
 *fill*         0x0000000010007de5        0x3 
 .rodata.__func__.4719
                0x0000000010007de8       0x14 CMakeFiles/PicoMacro.dir/home/dmytro/pico/pico/pico-sdk/src/rp2_common/pico_double/double_init_rom.c.obj
 .rodata.__aeabi_float_init.str1.4
                0x0000000010007dfc       0x7f CMakeFiles/PicoMacro.dir/home/dmytro/pico/pico/pico-sdk/src/rp2_common/pico_float/float_init_rom.c.obj
                                         0x83 (size before relaxing)
 *fill*         0x0000000010007e7b        0x1 
 .rodata.__func__.4720
                0x0000000010007e7c       0x13 CMakeFiles/PicoMacro.dir/home/dmytro/pico/pico/pico-sdk/src/rp2_common/pico_float/float_init_rom.c.obj
 *fill*         0x0000000010007e8f        0x1 
 .rodata.str1.4
                0x0000000010007e90       0x40 CMakeFiles/PicoMacro.dir/home/dmytro/pico/pico/pico-sdk/src/rp2_common/pico_standard_link/binary_info.c.obj
 .rodata.__bi_44
                0x0000000010007ed0        0xc CMakeFiles/PicoMacro.dir/home/dmytro/pico/pico/pico-sdk/src/rp2_common/pico_standard_link/binary_info.c.obj
 .rodata.__bi_75
                0x0000000010007edc        0xc CMakeFiles/PicoMacro.dir/home/dmytro/pico/pico/pico-sdk/src/rp2_common/pico_standard_link/binary_info.c.obj
 .rodata.__bi_81
                0x0000000010007ee8        0xc CMakeFiles/PicoMacro.dir/home/dmytro/pico/pico/pico-sdk/src/rp2_common/pico_standard_link/binary_info.c.obj
 .rodata.crlf_str.5901
                0x0000000010007ef4        0x2 CMakeFiles/PicoMacro.dir/home/dmytro/pico/pico/pico-sdk/src/rp2_common/pico_stdio/stdio.c.obj
 *fill*         0x0000000010007ef6        0x2 
 .rodata._resetd_driver
                0x0000000010007ef8       0x18 CMakeFiles/PicoMacro.dir/home/dmytro/pico/pico/pico-sdk/src/rp2_common/pico_stdio_usb/reset_interface.c.obj
 .rodata.stdio_usb_init.str1.4
                0x0000000010007f10       0x66 CMakeFiles/PicoMacro.dir/home/dmytro/pico/pico/pico-sdk/src/rp2_common/pico_stdio_usb/stdio_usb.c.obj
 .rodata.str1.4
                0x0000000010007f10       0x13 CMakeFiles/PicoMacro.dir/home/dmytro/pico/pico/pico-sdk/src/rp2_common/pico_stdio_usb/stdio_usb.c.obj
 *fill*         0x0000000010007f23        0x1 
 .rodata.__bi_93.7216
                0x0000000010007f24        0xc CMakeFiles/PicoMacro.dir/home/dmytro/pico/pico/pico-sdk/src/rp2_common/pico_stdio_usb/stdio_usb.c.obj
 .rodata.__func__.5424
                0x0000000010007f30       0x15 CMakeFiles/PicoMacro.dir/home/dmytro/pico/pico/pico-sdk/src/rp2_common/pico_stdio_usb/stdio_usb.c.obj
 *fill*         0x0000000010007f45        0x3 
 .rodata.str1.4
                0x0000000010007f48       0x2a CMakeFiles/PicoMacro.dir/home/dmytro/pico/pico/pico-sdk/src/rp2_common/pico_stdio_usb/stdio_usb_descriptors.c.obj
 *fill*         0x0000000010007f72        0x2 
 .rodata.usbd_desc_cfg
                0x0000000010007f74       0x54 CMakeFiles/PicoMacro.dir/home/dmytro/pico/pico/pico-sdk/src/rp2_common/pico_stdio_usb/stdio_usb_descriptors.c.obj
 .rodata.usbd_desc_device
                0x0000000010007fc8       0x12 CMakeFiles/PicoMacro.dir/home/dmytro/pico/pico/pico-sdk/src/rp2_common/pico_stdio_usb/stdio_usb_descriptors.c.obj
 *fill*         0x0000000010007fda        0x2 
 .rodata.usbd_desc_str
                0x0000000010007fdc       0x18 CMakeFiles/PicoMacro.dir/home/dmytro/pico/pico/pico-sdk/src/rp2_common/pico_stdio_usb/stdio_usb_descriptors.c.obj
 .rodata._hw_endpoint_alloc.str1.4
                0x0000000010007ff4       0xbd CMakeFiles/PicoMacro.dir/home/dmytro/pico/pico/pico-sdk/lib/tinyusb/src/portable/raspberrypi/rp2040/dcd_rp2040.c.obj
 *fill*         0x00000000100080b1        0x3 
 .rodata.dcd_rp2040_irq.str1.4
                0x00000000100080b4       0x14 CMakeFiles/PicoMacro.dir/home/dmytro/pico/pico/pico-sdk/lib/tinyusb/src/portable/raspberrypi/rp2040/dcd_rp2040.c.obj
 .rodata.dcd_int_enable.str1.4
                0x00000000100080c8        0xc CMakeFiles/PicoMacro.dir/home/dmytro/pico/pico/pico-sdk/lib/tinyusb/src/portable/raspberrypi/rp2040/dcd_rp2040.c.obj
 .rodata.__func__.6888
                0x00000000100080d4       0x13 CMakeFiles/PicoMacro.dir/home/dmytro/pico/pico/pico-sdk/lib/tinyusb/src/portable/raspberrypi/rp2040/dcd_rp2040.c.obj
 *fill*         0x00000000100080e7        0x1 
 .rodata.__func__.6941
                0x00000000100080e8        0x9 CMakeFiles/PicoMacro.dir/home/dmytro/pico/pico/pico-sdk/lib/tinyusb/src/portable/raspberrypi/rp2040/dcd_rp2040.c.obj
 *fill*         0x00000000100080f1        0x3 
 .rodata.__func__.6945
                0x00000000100080f4        0xf CMakeFiles/PicoMacro.dir/home/dmytro/pico/pico/pico-sdk/lib/tinyusb/src/portable/raspberrypi/rp2040/dcd_rp2040.c.obj
 *fill*         0x0000000010008103        0x1 
 .rodata.__func__.6954
                0x0000000010008104       0x10 CMakeFiles/PicoMacro.dir/home/dmytro/pico/pico/pico-sdk/lib/tinyusb/src/portable/raspberrypi/rp2040/dcd_rp2040.c.obj
 .rodata.__func__.6973
                0x0000000010008114        0xe CMakeFiles/PicoMacro.dir/home/dmytro/pico/pico/pico-sdk/lib/tinyusb/src/portable/raspberrypi/rp2040/dcd_rp2040.c.obj
 *fill*         0x0000000010008122        0x2 
 .rodata.__func__.6983
                0x0000000010008124        0xe CMakeFiles/PicoMacro.dir/home/dmytro/pico/pico/pico-sdk/lib/tinyusb/src/portable/raspberrypi/rp2040/dcd_rp2040.c.obj
 *fill*         0x0000000010008132        0x2 
 .rodata.sync_ep_buffer.str1.4
                0x0000000010008134       0x99 CMakeFiles/PicoMacro.dir/home/dmytro/pico/pico/pico-sdk/lib/tinyusb/src/portable/raspberrypi/rp2040/rp2040_usb.c.obj
 *fill*         0x00000000100081cd        0x3 
 .rodata._hw_endpoint_buffer_control_update32.str1.4
                0x00000000100081d0       0x1f CMakeFiles/PicoMacro.dir/home/dmytro/pico/pico/pico-sdk/lib/tinyusb/src/portable/raspberrypi/rp2040/rp2040_usb.c.obj
 *fill*         0x00000000100081ef        0x1 
 .rodata.hw_endpoint_xfer_start.str1.4
                0x00000000100081f0       0x38 CMakeFiles/PicoMacro.dir/home/dmytro/pico/pico/pico-sdk/lib/tinyusb/src/portable/raspberrypi/rp2040/rp2040_usb.c.obj
 .rodata.hw_endpoint_xfer_continue.str1.4
                0x0000000010008228       0x29 CMakeFiles/PicoMacro.dir/home/dmytro/pico/pico/pico-sdk/lib/tinyusb/src/portable/raspberrypi/rp2040/rp2040_usb.c.obj
 *fill*         0x0000000010008251        0x3 
 .rodata.str1.4
                0x0000000010008254        0x7 CMakeFiles/PicoMacro.dir/home/dmytro/pico/pico/pico-sdk/lib/tinyusb/src/portable/raspberrypi/rp2040/rp2040_usb.c.obj
 *fill*         0x000000001000825b        0x1 
 .rodata.__func__.6655
                0x000000001000825c        0xf CMakeFiles/PicoMacro.dir/home/dmytro/pico/pico/pico-sdk/lib/tinyusb/src/portable/raspberrypi/rp2040/rp2040_usb.c.obj
 *fill*         0x000000001000826b        0x1 
 .rodata.process_set_config.str1.4
                0x000000001000826c       0x17 CMakeFiles/PicoMacro.dir/home/dmytro/pico/pico/pico-sdk/lib/tinyusb/src/device/usbd.c.obj
 *fill*         0x0000000010008283        0x1 
 .rodata.process_get_descriptor
                0x0000000010008284       0x40 CMakeFiles/PicoMacro.dir/home/dmytro/pico/pico/pico-sdk/lib/tinyusb/src/device/usbd.c.obj
 .rodata.process_control_request
                0x00000000100082c4       0x28 CMakeFiles/PicoMacro.dir/home/dmytro/pico/pico/pico-sdk/lib/tinyusb/src/device/usbd.c.obj
 .rodata.tud_task
                0x00000000100082ec       0x24 CMakeFiles/PicoMacro.dir/home/dmytro/pico/pico/pico-sdk/lib/tinyusb/src/device/usbd.c.obj
 .rodata.__func__.6564
                0x0000000010008310       0x10 CMakeFiles/PicoMacro.dir/home/dmytro/pico/pico/pico-sdk/lib/tinyusb/src/device/usbd.c.obj
 .rodata.__func__.7362
                0x0000000010008320        0x9 CMakeFiles/PicoMacro.dir/home/dmytro/pico/pico/pico-sdk/lib/tinyusb/src/device/usbd.c.obj
 *fill*         0x0000000010008329        0x3 
 .rodata.__func__.7383
                0x000000001000832c       0x18 CMakeFiles/PicoMacro.dir/home/dmytro/pico/pico/pico-sdk/lib/tinyusb/src/device/usbd.c.obj
 .rodata.__func__.7426
                0x0000000010008344       0x13 CMakeFiles/PicoMacro.dir/home/dmytro/pico/pico/pico-sdk/lib/tinyusb/src/device/usbd.c.obj
 *fill*         0x0000000010008357        0x1 
 .rodata.__func__.7461
                0x0000000010008358       0x17 CMakeFiles/PicoMacro.dir/home/dmytro/pico/pico/pico-sdk/lib/tinyusb/src/device/usbd.c.obj
 *fill*         0x000000001000836f        0x1 
 .rodata.__func__.7515
                0x0000000010008370       0x14 CMakeFiles/PicoMacro.dir/home/dmytro/pico/pico/pico-sdk/lib/tinyusb/src/device/usbd.c.obj
 .rodata.__func__.7529
                0x0000000010008384        0xf CMakeFiles/PicoMacro.dir/home/dmytro/pico/pico/pico-sdk/lib/tinyusb/src/device/usbd.c.obj
 *fill*         0x0000000010008393        0x1 
 .rodata.__func__.7552
                0x0000000010008394        0xf CMakeFiles/PicoMacro.dir/home/dmytro/pico/pico/pico-sdk/lib/tinyusb/src/device/usbd.c.obj
 *fill*         0x00000000100083a3        0x1 
 .rodata._usbd_driver
                0x00000000100083a4       0x18 CMakeFiles/PicoMacro.dir/home/dmytro/pico/pico/pico-sdk/lib/tinyusb/src/device/usbd.c.obj
 .rodata.tud_control_xfer.str1.4
                0x00000000100083bc       0x17 CMakeFiles/PicoMacro.dir/home/dmytro/pico/pico/pico-sdk/lib/tinyusb/src/device/usbd_control.c.obj
 .rodata.__func__.7277
                0x00000000100083bc       0x11 CMakeFiles/PicoMacro.dir/home/dmytro/pico/pico/pico-sdk/lib/tinyusb/src/device/usbd_control.c.obj
 *fill*         0x00000000100083cd        0x3 
 .rodata.__func__.7304
                0x00000000100083d0       0x15 CMakeFiles/PicoMacro.dir/home/dmytro/pico/pico/pico-sdk/lib/tinyusb/src/device/usbd_control.c.obj
 .rodata.tud_cdc_n_write_flush.str1.4
                0x00000000100083e5       0x17 CMakeFiles/PicoMacro.dir/home/dmytro/pico/pico/pico-sdk/lib/tinyusb/src/class/cdc/cdc_device.c.obj
 *fill*         0x00000000100083e5        0x3 
 .rodata.__func__.7213
                0x00000000100083e8       0x16 CMakeFiles/PicoMacro.dir/home/dmytro/pico/pico/pico-sdk/lib/tinyusb/src/class/cdc/cdc_device.c.obj
 *fill*         0x00000000100083fe        0x2 
 .rodata.__func__.7246
                0x0000000010008400        0xa CMakeFiles/PicoMacro.dir/home/dmytro/pico/pico/pico-sdk/lib/tinyusb/src/class/cdc/cdc_device.c.obj
 *fill*         0x000000001000840a        0x2 
 .rodata.__func__.7281
                0x000000001000840c        0xd CMakeFiles/PicoMacro.dir/home/dmytro/pico/pico/pico-sdk/lib/tinyusb/src/class/cdc/cdc_device.c.obj
 .rodata.tusb_init.str1.4
                0x0000000010008419       0x17 CMakeFiles/PicoMacro.dir/home/dmytro/pico/pico/pico-sdk/lib/tinyusb/src/tusb.c.obj
 *fill*         0x0000000010008419        0x3 
 .rodata.__func__.7150
                0x000000001000841c        0xa CMakeFiles/PicoMacro.dir/home/dmytro/pico/pico/pico-sdk/lib/tinyusb/src/tusb.c.obj
 *fill*         0x0000000010008426        0x2 
 .rodata.__func__.7162
                0x0000000010008428       0x11 CMakeFiles/PicoMacro.dir/home/dmytro/pico/pico/pico-sdk/lib/tinyusb/src/tusb.c.obj
 *fill*         0x0000000010008439        0x3 
 .rodata.pico_get_unique_board_id_string.str1.4
                0x000000001000843c       0x52 CMakeFiles/PicoMacro.dir/home/dmytro/pico/pico/pico-sdk/src/rp2_common/pico_unique_id/unique_id.c.obj
 *fill*         0x000000001000848e        0x2 
 .rodata.__func__.4287
                0x0000000010008490       0x20 CMakeFiles/PicoMacro.dir/home/dmytro/pico/pico/pico-sdk/src/rp2_common/pico_unique_id/unique_id.c.obj
 .rodata.str1.4
                0x00000000100084b0      0x15e CMakeFiles/PicoMacro.dir/home/dmytro/pico/pico/pico-sdk/src/rp2_common/hardware_flash/flash.c.obj
 *fill*         0x000000001000860e        0x2 
 .rodata.__func__.4461
                0x0000000010008610        0xd CMakeFiles/PicoMacro.dir/home/dmytro/pico/pico/pico-sdk/src/rp2_common/hardware_flash/flash.c.obj
                0x0000000010008620                . = ALIGN (0x4)
 *fill*         0x000000001000861d        0x3 
 *(SORT_BY_ALIGNMENT(SORT_BY_NAME(.flashdata*)))
                0x0000000010008620                . = ALIGN (0x4)

.rel.dyn        0x0000000010008620        0x0
 .rel.iplt      0x0000000010008620        0x0 /usr/lib/gcc/arm-none-eabi/9.2.1/thumb/v6-m/nofp/crtbegin.o

.ARM.extab
 *(.ARM.extab* .gnu.linkonce.armextab.*)
                0x0000000010008620                __exidx_start = .

.ARM.exidx
 *(.ARM.exidx* .gnu.linkonce.armexidx.*)
                0x0000000010008620                __exidx_end = .
                0x0000000010008620                . = ALIGN (0x4)
                0x0000000010008620                __binary_info_start = .

.binary_info    0x0000000010008620       0x20
 *(.binary_info.keep.*)
 .binary_info.keep.__bi_ptr22
                0x0000000010008620        0x4 CMakeFiles/PicoMacro.dir/home/dmytro/pico/pico/pico-sdk/src/rp2_common/pico_standard_link/binary_info.c.obj
 .binary_info.keep.__bi_ptr30
                0x0000000010008624        0x4 CMakeFiles/PicoMacro.dir/home/dmytro/pico/pico/pico-sdk/src/rp2_common/pico_standard_link/binary_info.c.obj
 .binary_info.keep.__bi_ptr38
                0x0000000010008628        0x4 CMakeFiles/PicoMacro.dir/home/dmytro/pico/pico/pico-sdk/src/rp2_common/pico_standard_link/binary_info.c.obj
 .binary_info.keep.__bi_ptr44
                0x000000001000862c        0x4 CMakeFiles/PicoMacro.dir/home/dmytro/pico/pico/pico-sdk/src/rp2_common/pico_standard_link/binary_info.c.obj
 .binary_info.keep.__bi_ptr50
                0x0000000010008630        0x4 CMakeFiles/PicoMacro.dir/home/dmytro/pico/pico/pico-sdk/src/rp2_common/pico_standard_link/binary_info.c.obj
 .binary_info.keep.__bi_ptr75
                0x0000000010008634        0x4 CMakeFiles/PicoMacro.dir/home/dmytro/pico/pico/pico-sdk/src/rp2_common/pico_standard_link/binary_info.c.obj
 .binary_info.keep.__bi_ptr81
                0x0000000010008638        0x4 CMakeFiles/PicoMacro.dir/home/dmytro/pico/pico/pico-sdk/src/rp2_common/pico_standard_link/binary_info.c.obj
 *(.binary_info.*)
 .binary_info.__bi_ptr93
                0x000000001000863c        0x4 CMakeFiles/PicoMacro.dir/home/dmytro/pico/pico/pico-sdk/src/rp2_common/pico_stdio_usb/stdio_usb.c.obj
                0x0000000010008640                __binary_info_end = .
                0x0000000010008640                . = ALIGN (0x4)
                0x0000000010008640                __etext = .

.ram_vector_table
                0x0000000020000000       0xc0
 *(.ram_vector_table)
 .ram_vector_table
                0x0000000020000000       0xc0 CMakeFiles/PicoMacro.dir/home/dmytro/pico/pico/pico-sdk/src/rp2_common/pico_runtime/runtime.c.obj
                0x0000000020000000                ram_vector_table

.data           0x00000000200000c0      0x460 load address 0x0000000010008640
                0x00000000200000c0                __data_start__ = .
 *(vtable)
 *(.time_critical*)
 .time_critical.mutex_enter_blocking
                0x00000000200000c0       0x48 CMakeFiles/PicoMacro.dir/home/dmytro/pico/pico/pico-sdk/src/common/pico_sync/mutex.c.obj
                0x00000000200000c0                mutex_enter_blocking
 .time_critical.mutex_try_enter
                0x0000000020000108       0x48 CMakeFiles/PicoMacro.dir/home/dmytro/pico/pico/pico-sdk/src/common/pico_sync/mutex.c.obj
                0x0000000020000108                mutex_try_enter
 .time_critical.mutex_enter_block_until
                0x0000000020000150       0x88 CMakeFiles/PicoMacro.dir/home/dmytro/pico/pico/pico-sdk/src/common/pico_sync/mutex.c.obj
                0x0000000020000150                mutex_enter_block_until
 .time_critical.mutex_enter_timeout_ms
                0x00000000200001d8       0x78 CMakeFiles/PicoMacro.dir/home/dmytro/pico/pico/pico-sdk/src/common/pico_sync/mutex.c.obj
                0x00000000200001d8                mutex_enter_timeout_ms
 .time_critical.mutex_exit
                0x0000000020000250       0x4c CMakeFiles/PicoMacro.dir/home/dmytro/pico/pico/pico-sdk/src/common/pico_sync/mutex.c.obj
                0x0000000020000250                mutex_exit
 .time_critical.flash_init_boot2_copyout
                0x000000002000029c       0x30 CMakeFiles/PicoMacro.dir/home/dmytro/pico/pico/pico-sdk/src/rp2_common/hardware_flash/flash.c.obj
 .time_critical.flash_enable_xip_via_boot2
                0x00000000200002cc       0x10 CMakeFiles/PicoMacro.dir/home/dmytro/pico/pico/pico-sdk/src/rp2_common/hardware_flash/flash.c.obj
 .time_critical.flash_cs_force
                0x00000000200002dc       0x28 CMakeFiles/PicoMacro.dir/home/dmytro/pico/pico/pico-sdk/src/rp2_common/hardware_flash/flash.c.obj
 .time_critical.flash_do_cmd
                0x0000000020000304       0xd8 CMakeFiles/PicoMacro.dir/home/dmytro/pico/pico/pico-sdk/src/rp2_common/hardware_flash/flash.c.obj
                0x0000000020000304                flash_do_cmd
 *(.text*)
 .text          0x00000000200003dc        0x4 /usr/lib/gcc/arm-none-eabi/9.2.1/thumb/v6-m/nofp/libgcc.a(_dvmd_tls.o)
                0x00000000200003dc                __aeabi_ldiv0
                0x00000000200003dc                __aeabi_idiv0
 .text.__stub   0x00000000200003e0       0x40 linker stubs
                0x0000000020000420                . = ALIGN (0x4)
 *(.rodata*)
                0x0000000020000420                . = ALIGN (0x4)
 *(.data*)
 .data.striped_spin_lock_num
                0x0000000020000420        0x1 CMakeFiles/PicoMacro.dir/home/dmytro/pico/pico/pico-sdk/src/rp2_common/hardware_sync/sync.c.obj
 *fill*         0x0000000020000421        0x3 
 .data.default_alarm_pool
                0x0000000020000424       0x18 CMakeFiles/PicoMacro.dir/home/dmytro/pico/pico/pico-sdk/src/common/pico_time/time.c.obj
 .data.default_alarm_pool_heap
                0x000000002000043c       0x10 CMakeFiles/PicoMacro.dir/home/dmytro/pico/pico/pico-sdk/src/common/pico_time/time.c.obj
 .data          0x000000002000044c       0x48 CMakeFiles/PicoMacro.dir/home/dmytro/pico/pico/pico-sdk/src/rp2_common/hardware_irq/irq_handler_chain.S.obj
                0x000000002000044c                irq_handler_chain_slots
                0x000000002000047c                irq_handler_chain_first_slot
                0x0000000020000486                irq_handler_chain_remove_tail
 *fill*         0x0000000020000494        0xc 
 .data.aeabi_bits_funcs
                0x00000000200004a0       0x10 CMakeFiles/PicoMacro.dir/home/dmytro/pico/pico/pico-sdk/src/rp2_common/pico_bit_ops/bit_ops_aeabi.S.obj
                0x00000000200004a0                aeabi_bits_funcs
                0x00000000200004b0                aeabi_bits_funcs_end
 .data.aeabi_mem_funcs
                0x00000000200004b0       0x10 CMakeFiles/PicoMacro.dir/home/dmytro/pico/pico/pico-sdk/src/rp2_common/pico_mem_ops/mem_ops_aeabi.S.obj
                0x00000000200004b0                aeabi_mem_funcs
                0x00000000200004c0                aeabi_mem_funcs_end
 .data.stdio_usb
                0x00000000200004c0       0x14 CMakeFiles/PicoMacro.dir/home/dmytro/pico/pico/pico-sdk/src/rp2_common/pico_stdio_usb/stdio_usb.c.obj
                0x00000000200004c0                stdio_usb
 .data.ep_dir_string
                0x00000000200004d4        0x8 CMakeFiles/PicoMacro.dir/home/dmytro/pico/pico/pico-sdk/lib/tinyusb/src/portable/raspberrypi/rp2040/rp2040_usb.c.obj
                0x00000000200004d4                ep_dir_string
 .data._usbd_qdef
                0x00000000200004dc       0x24 CMakeFiles/PicoMacro.dir/home/dmytro/pico/pico/pico-sdk/lib/tinyusb/src/device/usbd.c.obj
                0x00000000200004dc                _usbd_qdef
                0x0000000020000500                . = ALIGN (0x4)
 *(.after_data.*)
                0x0000000020000500                . = ALIGN (0x4)
                0x0000000020000500                PROVIDE (__mutex_array_start = .)
 *(SORT_BY_NAME(.mutex_array.*))
 *(.mutex_array)
 .mutex_array   0x0000000020000500        0x8 CMakeFiles/PicoMacro.dir/home/dmytro/pico/pico/pico-sdk/src/rp2_common/pico_stdio/stdio.c.obj
                0x0000000020000508                PROVIDE (__mutex_array_end = .)
                0x0000000020000508                . = ALIGN (0x4)
                0x0000000020000508                PROVIDE (__preinit_array_start = .)
 *(SORT_BY_NAME(.preinit_array.*))
 .preinit_array.00001
                0x0000000020000508        0x4 CMakeFiles/PicoMacro.dir/home/dmytro/pico/pico/pico-sdk/src/rp2_common/pico_mem_ops/mem_ops_aeabi.S.obj
 .preinit_array.00010
                0x000000002000050c        0x4 CMakeFiles/PicoMacro.dir/home/dmytro/pico/pico/pico-sdk/src/rp2_common/pico_bit_ops/bit_ops_aeabi.S.obj
 .preinit_array.00020
                0x0000000020000510        0x4 CMakeFiles/PicoMacro.dir/home/dmytro/pico/pico/pico-sdk/src/rp2_common/pico_double/double_aeabi.S.obj
 .preinit_array.00020
                0x0000000020000514        0x4 CMakeFiles/PicoMacro.dir/home/dmytro/pico/pico/pico-sdk/src/rp2_common/pico_float/float_aeabi.S.obj
 *(.preinit_array)